Archive member included because of file (symbol)

/usr/arm-none-eabi/lib/armv7e-m/fpu/libc.a(lib_a-errno.o)
                              src/lib/syscalls.o (__errno)
/usr/arm-none-eabi/lib/armv7e-m/fpu/libc.a(lib_a-exit.o)
                              /usr/bin/../lib/gcc/arm-none-eabi/4.9.3/../../../../arm-none-eabi/lib/armv7e-m/fpu/crt0.o (exit)
/usr/arm-none-eabi/lib/armv7e-m/fpu/libc.a(lib_a-impure.o)
                              /usr/arm-none-eabi/lib/armv7e-m/fpu/libc.a(lib_a-exit.o) (_global_impure_ptr)
/usr/arm-none-eabi/lib/armv7e-m/fpu/libc.a(lib_a-init.o)
                              /usr/bin/../lib/gcc/arm-none-eabi/4.9.3/../../../../arm-none-eabi/lib/armv7e-m/fpu/crt0.o (__libc_init_array)
/usr/arm-none-eabi/lib/armv7e-m/fpu/libc.a(lib_a-memset.o)
                              /usr/bin/../lib/gcc/arm-none-eabi/4.9.3/../../../../arm-none-eabi/lib/armv7e-m/fpu/crt0.o (memset)
/usr/arm-none-eabi/lib/armv7e-m/fpu/libc.a(lib_a-rand.o)
                              src/lib/wirish_math.o (srand)
/usr/arm-none-eabi/lib/armv7e-m/fpu/libc.a(lib_a-__call_atexit.o)
                              /usr/arm-none-eabi/lib/armv7e-m/fpu/libc.a(lib_a-exit.o) (__call_exitprocs)
/usr/arm-none-eabi/lib/armv7e-m/fpu/libc.a(lib_a-atexit.o)
                              /usr/arm-none-eabi/lib/armv7e-m/fpu/libc.a(lib_a-__call_atexit.o) (atexit)
/usr/arm-none-eabi/lib/armv7e-m/fpu/libc.a(lib_a-fini.o)
                              /usr/arm-none-eabi/lib/armv7e-m/fpu/libc.a(lib_a-__call_atexit.o) (__libc_fini_array)
/usr/arm-none-eabi/lib/armv7e-m/fpu/libc.a(lib_a-__atexit.o)
                              /usr/arm-none-eabi/lib/armv7e-m/fpu/libc.a(lib_a-atexit.o) (__register_exitproc)
/usr/arm-none-eabi/lib/armv7e-m/fpu/libnosys.a(_exit.o)
                              /usr/arm-none-eabi/lib/armv7e-m/fpu/libc.a(lib_a-exit.o) (_exit)

Discarded input sections

 .text          0x0000000000000000        0x0 /usr/bin/../lib/gcc/arm-none-eabi/4.9.3/armv7e-m/fpu/crti.o
 .data          0x0000000000000000        0x0 /usr/bin/../lib/gcc/arm-none-eabi/4.9.3/armv7e-m/fpu/crti.o
 .bss           0x0000000000000000        0x0 /usr/bin/../lib/gcc/arm-none-eabi/4.9.3/armv7e-m/fpu/crti.o
 .data          0x0000000000000000        0x4 /usr/bin/../lib/gcc/arm-none-eabi/4.9.3/armv7e-m/fpu/crtbegin.o
 .data          0x0000000000000000        0x0 /usr/bin/../lib/gcc/arm-none-eabi/4.9.3/../../../../arm-none-eabi/lib/armv7e-m/fpu/crt0.o
 .bss           0x0000000000000000        0x0 /usr/bin/../lib/gcc/arm-none-eabi/4.9.3/../../../../arm-none-eabi/lib/armv7e-m/fpu/crt0.o
 .ARM.extab     0x0000000000000000        0x0 /usr/bin/../lib/gcc/arm-none-eabi/4.9.3/../../../../arm-none-eabi/lib/armv7e-m/fpu/crt0.o
 .text          0x0000000000000000        0x0 main.o
 .data          0x0000000000000000        0x0 main.o
 .bss           0x0000000000000000        0x0 main.o
 .text          0x0000000000000000        0x0 src/lib/maple_RET6.o
 .data          0x0000000000000000        0x0 src/lib/maple_RET6.o
 .bss           0x0000000000000000        0x0 src/lib/maple_RET6.o
 .USER_FLASH    0x0000000000000000       0x2c src/lib/maple_RET6.o
 .text          0x0000000000000000        0x0 src/lib/wirish_analog.o
 .data          0x0000000000000000        0x0 src/lib/wirish_analog.o
 .bss           0x0000000000000000        0x0 src/lib/wirish_analog.o
 .text._Z10analogReadh
                0x0000000000000000       0x44 src/lib/wirish_analog.o
 .text          0x0000000000000000        0x0 src/lib/wirish_digital.o
 .data          0x0000000000000000        0x0 src/lib/wirish_digital.o
 .bss           0x0000000000000000        0x0 src/lib/wirish_digital.o
 .text.gpio_read_bit
                0x0000000000000000       0x28 src/lib/wirish_digital.o
 .text.gpio_toggle_bit
                0x0000000000000000       0x2c src/lib/wirish_digital.o
 .text.systick_uptime
                0x0000000000000000       0x18 src/lib/wirish_digital.o
 .text._ZL6millisv
                0x0000000000000000       0x10 src/lib/wirish_digital.o
 .text._Z11digitalReadh
                0x0000000000000000       0x4c src/lib/wirish_digital.o
 .text._Z9togglePinh
                0x0000000000000000       0x3c src/lib/wirish_digital.o
 .text._Z15isButtonPressedv
                0x0000000000000000       0x44 src/lib/wirish_digital.o
 .text._Z18waitForButtonPressj
                0x0000000000000000       0x78 src/lib/wirish_digital.o
 .text          0x0000000000000000        0x0 src/lib/wirish_math.o
 .data          0x0000000000000000        0x0 src/lib/wirish_math.o
 .bss           0x0000000000000000        0x0 src/lib/wirish_math.o
 .text._Z10randomSeedj
                0x0000000000000000       0x1c src/lib/wirish_math.o
 .text._Z6randoml
                0x0000000000000000       0x30 src/lib/wirish_math.o
 .text._Z6randomll
                0x0000000000000000       0x34 src/lib/wirish_math.o
 .text          0x0000000000000000        0x0 src/lib/wirish_shift.o
 .data          0x0000000000000000        0x0 src/lib/wirish_shift.o
 .bss           0x0000000000000000        0x0 src/lib/wirish_shift.o
 .text._Z8shiftOuthhhh
                0x0000000000000000       0x9c src/lib/wirish_shift.o
 .text          0x0000000000000000        0x0 src/lib/wirish_time.o
 .data          0x0000000000000000        0x0 src/lib/wirish_time.o
 .bss           0x0000000000000000        0x0 src/lib/wirish_time.o
 .text          0x0000000000000000        0x0 src/lib/usb_regs.o
 .data          0x0000000000000000        0x0 src/lib/usb_regs.o
 .bss           0x0000000000000000        0x0 src/lib/usb_regs.o
 .text.SetCNTR  0x0000000000000000       0x20 src/lib/usb_regs.o
 .text.GetCNTR  0x0000000000000000       0x18 src/lib/usb_regs.o
 .text.SetISTR  0x0000000000000000       0x20 src/lib/usb_regs.o
 .text.GetISTR  0x0000000000000000       0x18 src/lib/usb_regs.o
 .text.GetFNR   0x0000000000000000       0x18 src/lib/usb_regs.o
 .text.SetDADDR
                0x0000000000000000       0x20 src/lib/usb_regs.o
 .text.GetDADDR
                0x0000000000000000       0x18 src/lib/usb_regs.o
 .text.SetBTABLE
                0x0000000000000000       0x24 src/lib/usb_regs.o
 .text.GetBTABLE
                0x0000000000000000       0x18 src/lib/usb_regs.o
 .text.SetENDPOINT
                0x0000000000000000       0x2c src/lib/usb_regs.o
 .text.GetENDPOINT
                0x0000000000000000       0x28 src/lib/usb_regs.o
 .text.SetEPType
                0x0000000000000000       0x4c src/lib/usb_regs.o
 .text.GetEPType
                0x0000000000000000       0x2c src/lib/usb_regs.o
 .text.SetEPTxStatus
                0x0000000000000000       0x68 src/lib/usb_regs.o
 .text.SetEPRxStatus
                0x0000000000000000       0x68 src/lib/usb_regs.o
 .text.SetDouBleBuffEPStall
                0x0000000000000000       0x58 src/lib/usb_regs.o
 .text.GetEPTxStatus
                0x0000000000000000       0x2c src/lib/usb_regs.o
 .text.GetEPRxStatus
                0x0000000000000000       0x2c src/lib/usb_regs.o
 .text.SetEPTxValid
                0x0000000000000000       0x48 src/lib/usb_regs.o
 .text.SetEPRxValid
                0x0000000000000000       0x48 src/lib/usb_regs.o
 .text.SetEP_KIND
                0x0000000000000000       0x40 src/lib/usb_regs.o
 .text.ClearEP_KIND
                0x0000000000000000       0x3c src/lib/usb_regs.o
 .text.Clear_Status_Out
                0x0000000000000000       0x3c src/lib/usb_regs.o
 .text.Set_Status_Out
                0x0000000000000000       0x40 src/lib/usb_regs.o
 .text.SetEPDoubleBuff
                0x0000000000000000       0x40 src/lib/usb_regs.o
 .text.ClearEPDoubleBuff
                0x0000000000000000       0x3c src/lib/usb_regs.o
 .text.GetTxStallStatus
                0x0000000000000000       0x38 src/lib/usb_regs.o
 .text.GetRxStallStatus
                0x0000000000000000       0x38 src/lib/usb_regs.o
 .text.ClearEP_CTR_RX
                0x0000000000000000       0x3c src/lib/usb_regs.o
 .text.ClearEP_CTR_TX
                0x0000000000000000       0x3c src/lib/usb_regs.o
 .text.ToggleDTOG_RX
                0x0000000000000000       0x40 src/lib/usb_regs.o
 .text.ToggleDTOG_TX
                0x0000000000000000       0x40 src/lib/usb_regs.o
 .text.ClearDTOG_RX
                0x0000000000000000       0x58 src/lib/usb_regs.o
 .text.ClearDTOG_TX
                0x0000000000000000       0x58 src/lib/usb_regs.o
 .text.SetEPAddress
                0x0000000000000000       0x44 src/lib/usb_regs.o
 .text.GetEPAddress
                0x0000000000000000       0x2c src/lib/usb_regs.o
 .text.SetEPTxAddr
                0x0000000000000000       0x44 src/lib/usb_regs.o
 .text.SetEPRxAddr
                0x0000000000000000       0x44 src/lib/usb_regs.o
 .text.GetEPTxAddr
                0x0000000000000000       0x38 src/lib/usb_regs.o
 .text.GetEPRxAddr
                0x0000000000000000       0x38 src/lib/usb_regs.o
 .text.SetEPTxCount
                0x0000000000000000       0x3c src/lib/usb_regs.o
 .text.SetEPCountRxReg
                0x0000000000000000       0x64 src/lib/usb_regs.o
 .text.SetEPRxCount
                0x0000000000000000       0x84 src/lib/usb_regs.o
 .text.GetEPTxCount
                0x0000000000000000       0x3c src/lib/usb_regs.o
 .text.GetEPRxCount
                0x0000000000000000       0x3c src/lib/usb_regs.o
 .text.SetEPDblBuffAddr
                0x0000000000000000       0x68 src/lib/usb_regs.o
 .text.SetEPDblBuf0Addr
                0x0000000000000000       0x44 src/lib/usb_regs.o
 .text.SetEPDblBuf1Addr
                0x0000000000000000       0x44 src/lib/usb_regs.o
 .text.GetEPDblBuf0Addr
                0x0000000000000000       0x38 src/lib/usb_regs.o
 .text.GetEPDblBuf1Addr
                0x0000000000000000       0x38 src/lib/usb_regs.o
 .text.SetEPDblBuffCount
                0x0000000000000000      0x13c src/lib/usb_regs.o
 .text.SetEPDblBuf0Count
                0x0000000000000000       0xb0 src/lib/usb_regs.o
 .text.SetEPDblBuf1Count
                0x0000000000000000       0xb0 src/lib/usb_regs.o
 .text.GetEPDblBuf0Count
                0x0000000000000000       0x3c src/lib/usb_regs.o
 .text.GetEPDblBuf1Count
                0x0000000000000000       0x3c src/lib/usb_regs.o
 .text.GetEPDblBufDir
                0x0000000000000000       0x6c src/lib/usb_regs.o
 .text.FreeUserBuffer
                0x0000000000000000       0x7c src/lib/usb_regs.o
 .text.ToWord   0x0000000000000000       0x30 src/lib/usb_regs.o
 .text.ByteSwap
                0x0000000000000000       0x30 src/lib/usb_regs.o
 .text          0x0000000000000000        0x0 src/lib/usb_mem.o
 .data          0x0000000000000000        0x0 src/lib/usb_mem.o
 .bss           0x0000000000000000        0x0 src/lib/usb_mem.o
 .text.UserToPMABufferCopy
                0x0000000000000000       0x74 src/lib/usb_mem.o
 .text.PMAToUserBufferCopy
                0x0000000000000000       0x5c src/lib/usb_mem.o
 .text          0x0000000000000000        0x0 src/lib/usb_init.o
 .data          0x0000000000000000        0x0 src/lib/usb_init.o
 .bss           0x0000000000000000        0x0 src/lib/usb_init.o
 .bss.EPindex   0x0000000000000000        0x1 src/lib/usb_init.o
 .bss.SaveState
                0x0000000000000000        0x2 src/lib/usb_init.o
 .bss.wInterrupt_Mask
                0x0000000000000000        0x2 src/lib/usb_init.o
 .text.USB_Init
                0x0000000000000000       0x40 src/lib/usb_init.o
 .text          0x0000000000000000        0x0 src/lib/usb_core.o
 .data          0x0000000000000000        0x0 src/lib/usb_core.o
 .bss           0x0000000000000000        0x0 src/lib/usb_core.o
 .bss.StatusInfo
                0x0000000000000000        0x4 src/lib/usb_core.o
 .bss.Data_Mul_MaxPacketSize
                0x0000000000000000        0x1 src/lib/usb_core.o
 .text.Standard_GetConfiguration
                0x0000000000000000       0x3c src/lib/usb_core.o
 .text.Standard_SetConfiguration
                0x0000000000000000       0x50 src/lib/usb_core.o
 .text.Standard_GetInterface
                0x0000000000000000       0x3c src/lib/usb_core.o
 .text.Standard_SetInterface
                0x0000000000000000       0x8c src/lib/usb_core.o
 .text.Standard_GetStatus
                0x0000000000000000      0x128 src/lib/usb_core.o
 .text.Standard_ClearFeature
                0x0000000000000000      0x1d0 src/lib/usb_core.o
 .text.Standard_SetEndPointFeature
                0x0000000000000000      0x10c src/lib/usb_core.o
 .text.Standard_SetDeviceFeature
                0x0000000000000000       0x2c src/lib/usb_core.o
 .text.DataStageOut
                0x0000000000000000      0x104 src/lib/usb_core.o
 .text.DataStageIn
                0x0000000000000000      0x10c src/lib/usb_core.o
 .text.NoData_Setup0
                0x0000000000000000      0x1a4 src/lib/usb_core.o
 .text.Data_Setup0
                0x0000000000000000      0x328 src/lib/usb_core.o
 .text.Setup0_Process
                0x0000000000000000       0xc8 src/lib/usb_core.o
 .text.In0_Process
                0x0000000000000000       0x90 src/lib/usb_core.o
 .text.Out0_Process
                0x0000000000000000       0x74 src/lib/usb_core.o
 .text.Post0_Process
                0x0000000000000000       0x50 src/lib/usb_core.o
 .text          0x0000000000000000        0x0 src/lib/usb_cdcacm.o
 .data          0x0000000000000000        0x0 src/lib/usb_cdcacm.o
 .bss           0x0000000000000000        0x0 src/lib/usb_cdcacm.o
 .text.nvic_irq_disable
                0x0000000000000000       0x5c src/lib/usb_cdcacm.o
 .text.usb_ep_tx_count_ptr
                0x0000000000000000       0x20 src/lib/usb_cdcacm.o
 .text.usb_set_ep_tx_count
                0x0000000000000000       0x28 src/lib/usb_cdcacm.o
 .text.usb_cdcacm_disable
                0x0000000000000000       0x24 src/lib/usb_cdcacm.o
 .text.usb_cdcacm_putc
                0x0000000000000000       0x24 src/lib/usb_cdcacm.o
 .text.usb_cdcacm_tx
                0x0000000000000000       0x64 src/lib/usb_cdcacm.o
 .text.usb_cdcacm_data_available
                0x0000000000000000       0x18 src/lib/usb_cdcacm.o
 .text.usb_cdcacm_get_pending
                0x0000000000000000       0x18 src/lib/usb_cdcacm.o
 .text.usb_cdcacm_rx
                0x0000000000000000       0x94 src/lib/usb_cdcacm.o
 .text.usb_cdcacm_get_dtr
                0x0000000000000000       0x24 src/lib/usb_cdcacm.o
 .text.usb_cdcacm_get_rts
                0x0000000000000000       0x24 src/lib/usb_cdcacm.o
 .bss.offset.5124
                0x0000000000000000        0x4 src/lib/usb_cdcacm.o
 .text          0x0000000000000000        0x0 src/lib/usb_reg_map.o
 .data          0x0000000000000000        0x0 src/lib/usb_reg_map.o
 .bss           0x0000000000000000        0x0 src/lib/usb_reg_map.o
 .text.usb_copy_to_pma
                0x0000000000000000       0x74 src/lib/usb_reg_map.o
 .text          0x0000000000000000        0x0 src/lib/usb.o
 .data          0x0000000000000000        0x0 src/lib/usb.o
 .bss           0x0000000000000000        0x0 src/lib/usb.o
 .text.usb_clear_ctr_rx
                0x0000000000000000       0x34 src/lib/usb.o
 .text.usb_clear_ctr_tx
                0x0000000000000000       0x34 src/lib/usb.o
 .text.usb_set_ep_rx_stat
                0x0000000000000000       0x50 src/lib/usb.o
 .text.usb_set_ep_tx_stat
                0x0000000000000000       0x50 src/lib/usb.o
 .bss.SaveTState
                0x0000000000000000        0x2 src/lib/usb.o
 .bss.SaveRState
                0x0000000000000000        0x2 src/lib/usb.o
 .bss.ResumeS   0x0000000000000000        0x4 src/lib/usb.o
 .text.usbSuspend
                0x0000000000000000       0x44 src/lib/usb.o
 .text.usbResumeInit
                0x0000000000000000       0x30 src/lib/usb.o
 .text.usbResume
                0x0000000000000000       0xf8 src/lib/usb.o
 .text.__irq_usb_lp_can_rx0
                0x0000000000000000       0xe8 src/lib/usb.o
 .text.usbIsConfigured
                0x0000000000000000       0x24 src/lib/usb.o
 .text.usbIsConnected
                0x0000000000000000       0x24 src/lib/usb.o
 .text.dispatch_ctr_lp
                0x0000000000000000       0x58 src/lib/usb.o
 .rodata        0x0000000000000000       0x24 src/lib/usb.o
 .text.dispatch_endpt_zero
                0x0000000000000000       0xd0 src/lib/usb.o
 .text.dispatch_endpt
                0x0000000000000000       0x74 src/lib/usb.o
 .text.set_rx_tx_status0
                0x0000000000000000       0x2c src/lib/usb.o
 .text.handle_setup0
                0x0000000000000000        0xc src/lib/usb.o
 .text.handle_in0
                0x0000000000000000        0xc src/lib/usb.o
 .text.handle_out0
                0x0000000000000000        0xc src/lib/usb.o
 .text          0x0000000000000000        0x0 src/lib/util.o
 .data          0x0000000000000000        0x0 src/lib/util.o
 .bss           0x0000000000000000        0x0 src/lib/util.o
 .text.__assert_func
                0x0000000000000000       0x20 src/lib/util.o
 .text.abort    0x0000000000000000       0x24 src/lib/util.o
 .text          0x0000000000000000        0x0 src/lib/usart.o
 .data          0x0000000000000000        0x0 src/lib/usart.o
 .bss           0x0000000000000000        0x0 src/lib/usart.o
 .text.rb_full_count
                0x0000000000000000       0x4c src/lib/usart.o
 .text.rb_is_full
                0x0000000000000000       0x3c src/lib/usart.o
 .text.rb_insert
                0x0000000000000000       0x40 src/lib/usart.o
 .text.rb_remove
                0x0000000000000000       0x40 src/lib/usart.o
 .text.rb_push_insert
                0x0000000000000000       0x3c src/lib/usart.o
 .text.usart_getc
                0x0000000000000000       0x1c src/lib/usart.o
 .text.usart_data_available
                0x0000000000000000       0x1c src/lib/usart.o
 .text.usart_enable
                0x0000000000000000       0x2c src/lib/usart.o
 .text.usart_rx
                0x0000000000000000       0x48 src/lib/usart.o
 .text.usart_irq
                0x0000000000000000       0x24 src/lib/usart.o
 .text.__irq_usart1
                0x0000000000000000       0x14 src/lib/usart.o
 .text.__irq_usart2
                0x0000000000000000       0x14 src/lib/usart.o
 .text.__irq_usart3
                0x0000000000000000       0x14 src/lib/usart.o
 .text          0x0000000000000000        0x0 src/lib/timer.o
 .data          0x0000000000000000        0x0 src/lib/timer.o
 .bss           0x0000000000000000        0x0 src/lib/timer.o
 .text.nvic_irq_enable
                0x0000000000000000       0x5c src/lib/timer.o
 .text.timer_enable_irq
                0x0000000000000000       0x2c src/lib/timer.o
 .text.timer_attach_interrupt
                0x0000000000000000       0x34 src/lib/timer.o
 .text.__irq_tim1_brk
                0x0000000000000000       0x14 src/lib/timer.o
 .text.__irq_tim1_up
                0x0000000000000000       0x14 src/lib/timer.o
 .text.__irq_tim1_trg_com
                0x0000000000000000       0x14 src/lib/timer.o
 .text.__irq_tim1_cc
                0x0000000000000000       0x14 src/lib/timer.o
 .text.__irq_tim2
                0x0000000000000000       0x14 src/lib/timer.o
 .text.__irq_tim3
                0x0000000000000000       0x14 src/lib/timer.o
 .text.__irq_tim4
                0x0000000000000000       0x14 src/lib/timer.o
 .text.__irq_tim5
                0x0000000000000000       0x14 src/lib/timer.o
 .text.__irq_tim6
                0x0000000000000000       0x14 src/lib/timer.o
 .text.__irq_tim7
                0x0000000000000000       0x14 src/lib/timer.o
 .text.__irq_tim8_brk
                0x0000000000000000       0x14 src/lib/timer.o
 .text.__irq_tim8_up
                0x0000000000000000       0x14 src/lib/timer.o
 .text.__irq_tim8_trg_com
                0x0000000000000000       0x14 src/lib/timer.o
 .text.__irq_tim8_cc
                0x0000000000000000       0x14 src/lib/timer.o
 .text.dispatch_single_irq
                0x0000000000000000       0x40 src/lib/timer.o
 .text.dispatch_adv_brk
                0x0000000000000000       0x18 src/lib/timer.o
 .text.dispatch_adv_up
                0x0000000000000000       0x18 src/lib/timer.o
 .text.dispatch_adv_trg_com
                0x0000000000000000       0x7c src/lib/timer.o
 .text.dispatch_adv_cc
                0x0000000000000000       0xc0 src/lib/timer.o
 .text.dispatch_general
                0x0000000000000000      0x104 src/lib/timer.o
 .text.dispatch_basic
                0x0000000000000000       0x18 src/lib/timer.o
 .text.enable_irq
                0x0000000000000000       0x2c src/lib/timer.o
 .text.enable_advanced_irq
                0x0000000000000000       0xa8 src/lib/timer.o
 .text.enable_nonmuxed_irq
                0x0000000000000000       0xbc src/lib/timer.o
 .text          0x0000000000000000        0x0 src/lib/systick.o
 .data          0x0000000000000000        0x0 src/lib/systick.o
 .bss           0x0000000000000000        0x0 src/lib/systick.o
 .bss.systick_uptime_millis
                0x0000000000000000        0x4 src/lib/systick.o
 .bss.systick_user_callback
                0x0000000000000000        0x4 src/lib/systick.o
 .text.systick_disable
                0x0000000000000000       0x18 src/lib/systick.o
 .text.systick_attach_callback
                0x0000000000000000       0x1c src/lib/systick.o
 .text.__exc_systick
                0x0000000000000000       0x28 src/lib/systick.o
 .text          0x0000000000000000        0x0 src/lib/syscalls.o
 .data          0x0000000000000000        0x0 src/lib/syscalls.o
 .bss           0x0000000000000000        0x0 src/lib/syscalls.o
 .text._sbrk    0x0000000000000000       0x70 src/lib/syscalls.o
 .text._open    0x0000000000000000       0x1c src/lib/syscalls.o
 .text._close   0x0000000000000000       0x18 src/lib/syscalls.o
 .text._fstat   0x0000000000000000       0x20 src/lib/syscalls.o
 .text._isatty  0x0000000000000000       0x18 src/lib/syscalls.o
 .text.isatty   0x0000000000000000       0x18 src/lib/syscalls.o
 .text._lseek   0x0000000000000000       0x1c src/lib/syscalls.o
 .text.getch    0x0000000000000000       0x10 src/lib/syscalls.o
 .text._read    0x0000000000000000       0x24 src/lib/syscalls.o
 .text.putch    0x0000000000000000       0x14 src/lib/syscalls.o
 .text.cgets    0x0000000000000000       0xb4 src/lib/syscalls.o
 .text._write   0x0000000000000000       0x38 src/lib/syscalls.o
 .text.fgets    0x0000000000000000       0x20 src/lib/syscalls.o
 .bss.pbreak.4459
                0x0000000000000000        0x4 src/lib/syscalls.o
 .text          0x0000000000000000        0x0 src/lib/spi.o
 .data          0x0000000000000000        0x0 src/lib/spi.o
 .bss           0x0000000000000000        0x0 src/lib/spi.o
 .text.spi_irq_disable
                0x0000000000000000       0x28 src/lib/spi.o
 .text.spi_dff  0x0000000000000000       0x2c src/lib/spi.o
 .text.spi_is_tx_empty
                0x0000000000000000       0x24 src/lib/spi.o
 .text.bb_perip
                0x0000000000000000       0x24 src/lib/spi.o
 .text.bb_peri_set_bit
                0x0000000000000000       0x24 src/lib/spi.o
 .text.__bb_addr
                0x0000000000000000       0x2c src/lib/spi.o
 .data.spi1     0x0000000000000000        0x8 src/lib/spi.o
 .data.SPI1     0x0000000000000000        0x4 src/lib/spi.o
 .data.spi2     0x0000000000000000        0x8 src/lib/spi.o
 .data.SPI2     0x0000000000000000        0x4 src/lib/spi.o
 .data.spi3     0x0000000000000000        0x8 src/lib/spi.o
 .data.SPI3     0x0000000000000000        0x4 src/lib/spi.o
 .text.spi_init
                0x0000000000000000       0x24 src/lib/spi.o
 .text.spi_gpio_cfg
                0x0000000000000000       0x84 src/lib/spi.o
 .text.spi_master_enable
                0x0000000000000000       0x30 src/lib/spi.o
 .text.spi_slave_enable
                0x0000000000000000       0x24 src/lib/spi.o
 .text.spi_tx   0x0000000000000000       0x74 src/lib/spi.o
 .text.spi_foreach
                0x0000000000000000       0x38 src/lib/spi.o
 .text.spi_peripheral_enable
                0x0000000000000000       0x1c src/lib/spi.o
 .text.spi_peripheral_disable
                0x0000000000000000       0x1c src/lib/spi.o
 .text.spi_tx_dma_enable
                0x0000000000000000       0x20 src/lib/spi.o
 .text.spi_tx_dma_disable
                0x0000000000000000       0x20 src/lib/spi.o
 .text.spi_rx_dma_enable
                0x0000000000000000       0x20 src/lib/spi.o
 .text.spi_rx_dma_disable
                0x0000000000000000       0x20 src/lib/spi.o
 .text.spi_reconfigure
                0x0000000000000000       0x2c src/lib/spi.o
 .text          0x0000000000000000        0x0 src/lib/i2c.o
 .data          0x0000000000000000        0x0 src/lib/i2c.o
 .bss           0x0000000000000000        0x0 src/lib/i2c.o
 .text.delay_us
                0x0000000000000000       0x2c src/lib/i2c.o
 .text.gpio_write_bit
                0x0000000000000000       0x40 src/lib/i2c.o
 .text.gpio_read_bit
                0x0000000000000000       0x28 src/lib/i2c.o
 .text.nvic_irq_enable
                0x0000000000000000       0x5c src/lib/i2c.o
 .text.i2c_peripheral_enable
                0x0000000000000000       0x24 src/lib/i2c.o
 .text.i2c_write
                0x0000000000000000       0x20 src/lib/i2c.o
 .text.i2c_set_input_clk
                0x0000000000000000       0x38 src/lib/i2c.o
 .text.i2c_set_clk_control
                0x0000000000000000       0x38 src/lib/i2c.o
 .text.i2c_set_trise
                0x0000000000000000       0x1c src/lib/i2c.o
 .text.i2c_start_condition
                0x0000000000000000       0x38 src/lib/i2c.o
 .text.i2c_stop_condition
                0x0000000000000000       0x4c src/lib/i2c.o
 .text.i2c_enable_irq
                0x0000000000000000       0x24 src/lib/i2c.o
 .text.i2c_disable_irq
                0x0000000000000000       0x28 src/lib/i2c.o
 .text.i2c_enable_ack
                0x0000000000000000       0x24 src/lib/i2c.o
 .text.i2c_disable_ack
                0x0000000000000000       0x24 src/lib/i2c.o
 .text.systick_uptime
                0x0000000000000000       0x18 src/lib/i2c.o
 .data.i2c_dev1
                0x0000000000000000       0x1c src/lib/i2c.o
 .rodata.I2C1   0x0000000000000000        0x4 src/lib/i2c.o
 .data.i2c_dev2
                0x0000000000000000       0x1c src/lib/i2c.o
 .rodata.I2C2   0x0000000000000000        0x4 src/lib/i2c.o
 .text.i2c_send_slave_addr
                0x0000000000000000       0x24 src/lib/i2c.o
 .text.i2c_irq_handler
                0x0000000000000000      0x22c src/lib/i2c.o
 .text.__irq_i2c1_ev
                0x0000000000000000       0x10 src/lib/i2c.o
 .text.__irq_i2c2_ev
                0x0000000000000000       0x10 src/lib/i2c.o
 .text.i2c_irq_error_handler
                0x0000000000000000       0x44 src/lib/i2c.o
 .text.__irq_i2c1_er
                0x0000000000000000       0x10 src/lib/i2c.o
 .text.__irq_i2c2_er
                0x0000000000000000       0x10 src/lib/i2c.o
 .text.i2c_bus_reset
                0x0000000000000000      0x118 src/lib/i2c.o
 .text.i2c_init
                0x0000000000000000       0x24 src/lib/i2c.o
 .rodata        0x0000000000000000       0x50 src/lib/i2c.o
 .text.i2c_master_enable
                0x0000000000000000      0x154 src/lib/i2c.o
 .text.i2c_master_xfer
                0x0000000000000000       0x80 src/lib/i2c.o
 .text.wait_for_state_change
                0x0000000000000000       0x5c src/lib/i2c.o
 .text          0x0000000000000000        0x0 src/lib/pwr.o
 .data          0x0000000000000000        0x0 src/lib/pwr.o
 .bss           0x0000000000000000        0x0 src/lib/pwr.o
 .text.pwr_init
                0x0000000000000000       0x14 src/lib/pwr.o
 .text          0x0000000000000000        0x0 src/lib/nvic.o
 .data          0x0000000000000000        0x0 src/lib/nvic.o
 .bss           0x0000000000000000        0x0 src/lib/nvic.o
 .text          0x0000000000000000        0x0 src/lib/iwdg.o
 .data          0x0000000000000000        0x0 src/lib/iwdg.o
 .bss           0x0000000000000000        0x0 src/lib/iwdg.o
 .text.iwdg_init
                0x0000000000000000       0x3c src/lib/iwdg.o
 .text.iwdg_feed
                0x0000000000000000       0x18 src/lib/iwdg.o
 .text          0x0000000000000000        0x0 src/lib/fsmc.o
 .data          0x0000000000000000        0x0 src/lib/fsmc.o
 .bss           0x0000000000000000        0x0 src/lib/fsmc.o
 .text.fsmc_sram_init_gpios
                0x0000000000000000      0x270 src/lib/fsmc.o
 .text          0x0000000000000000        0x0 src/lib/flash.o
 .data          0x0000000000000000        0x0 src/lib/flash.o
 .bss           0x0000000000000000        0x0 src/lib/flash.o
 .text          0x0000000000000000        0x0 src/lib/gpio.o
 .data          0x0000000000000000        0x0 src/lib/gpio.o
 .bss           0x0000000000000000        0x0 src/lib/gpio.o
 .rodata.GPIOE  0x0000000000000000        0x4 src/lib/gpio.o
 .rodata.GPIOF  0x0000000000000000        0x4 src/lib/gpio.o
 .rodata.GPIOG  0x0000000000000000        0x4 src/lib/gpio.o
 .text.afio_exti_select
                0x0000000000000000       0x64 src/lib/gpio.o
 .text.afio_remap
                0x0000000000000000       0x40 src/lib/gpio.o
 .text          0x0000000000000000        0x0 src/lib/dma.o
 .data          0x0000000000000000        0x0 src/lib/dma.o
 .bss           0x0000000000000000        0x0 src/lib/dma.o
 .text.nvic_irq_enable
                0x0000000000000000       0x5c src/lib/dma.o
 .text.dma_channel_regs
                0x0000000000000000       0x34 src/lib/dma.o
 .text.dma_is_channel_enabled
                0x0000000000000000       0x2c src/lib/dma.o
 .text.dma_get_isr_bits
                0x0000000000000000       0x38 src/lib/dma.o
 .text.dma_clear_isr_bits
                0x0000000000000000       0x28 src/lib/dma.o
 .text.bb_perip
                0x0000000000000000       0x24 src/lib/dma.o
 .text.bb_peri_set_bit
                0x0000000000000000       0x24 src/lib/dma.o
 .text.__bb_addr
                0x0000000000000000       0x2c src/lib/dma.o
 .data.dma1     0x0000000000000000       0x40 src/lib/dma.o
 .data.DMA1     0x0000000000000000        0x4 src/lib/dma.o
 .text.dma_init
                0x0000000000000000       0x18 src/lib/dma.o
 .text.dma_setup_transfer
                0x0000000000000000       0x54 src/lib/dma.o
 .rodata        0x0000000000000000       0x50 src/lib/dma.o
 .text.dma_set_num_transfers
                0x0000000000000000       0x4c src/lib/dma.o
 .text.dma_set_priority
                0x0000000000000000       0x60 src/lib/dma.o
 .text.dma_attach_interrupt
                0x0000000000000000       0x38 src/lib/dma.o
 .text.dma_detach_interrupt
                0x0000000000000000       0x34 src/lib/dma.o
 .text.dma_get_irq_cause
                0x0000000000000000       0x84 src/lib/dma.o
 .text.dma_enable
                0x0000000000000000       0x2c src/lib/dma.o
 .text.dma_disable
                0x0000000000000000       0x2c src/lib/dma.o
 .text.dma_set_mem_addr
                0x0000000000000000       0x4c src/lib/dma.o
 .text.dma_set_per_addr
                0x0000000000000000       0x4c src/lib/dma.o
 .text.dispatch_handler
                0x0000000000000000       0x34 src/lib/dma.o
 .text.__irq_dma1_channel1
                0x0000000000000000       0x18 src/lib/dma.o
 .text.__irq_dma1_channel2
                0x0000000000000000       0x18 src/lib/dma.o
 .text.__irq_dma1_channel3
                0x0000000000000000       0x18 src/lib/dma.o
 .text.__irq_dma1_channel4
                0x0000000000000000       0x18 src/lib/dma.o
 .text.__irq_dma1_channel5
                0x0000000000000000       0x18 src/lib/dma.o
 .text.__irq_dma1_channel6
                0x0000000000000000       0x18 src/lib/dma.o
 .text.__irq_dma1_channel7
                0x0000000000000000       0x18 src/lib/dma.o
 .text          0x0000000000000000        0x0 src/lib/rcc.o
 .data          0x0000000000000000        0x0 src/lib/rcc.o
 .bss           0x0000000000000000        0x0 src/lib/rcc.o
 .text          0x0000000000000000        0x0 src/lib/adc.o
 .data          0x0000000000000000        0x0 src/lib/adc.o
 .bss           0x0000000000000000        0x0 src/lib/adc.o
 .text.adc_set_reg_seqlen
                0x0000000000000000       0x3c src/lib/adc.o
 .text.adc_read
                0x0000000000000000       0x48 src/lib/adc.o
 .text          0x0000000000000000        0x0 src/lib/bkp.o
 .data          0x0000000000000000        0x0 src/lib/bkp.o
 .bss           0x0000000000000000        0x0 src/lib/bkp.o
 .text.bb_perip
                0x0000000000000000       0x24 src/lib/bkp.o
 .text.__bb_addr
                0x0000000000000000       0x2c src/lib/bkp.o
 .data.bkp      0x0000000000000000        0x4 src/lib/bkp.o
 .data.BKP      0x0000000000000000        0x4 src/lib/bkp.o
 .text.bkp_init
                0x0000000000000000       0x18 src/lib/bkp.o
 .text.bkp_enable_writes
                0x0000000000000000       0x18 src/lib/bkp.o
 .text.bkp_disable_writes
                0x0000000000000000       0x18 src/lib/bkp.o
 .rodata        0x0000000000000000       0x14 src/lib/bkp.o
 .text.bkp_read
                0x0000000000000000       0x40 src/lib/bkp.o
 .text.bkp_write
                0x0000000000000000       0x40 src/lib/bkp.o
 .text.data_register
                0x0000000000000000       0x48 src/lib/bkp.o
 .text          0x0000000000000000        0x0 src/lib/boards.o
 .data          0x0000000000000000        0x0 src/lib/boards.o
 .bss           0x0000000000000000        0x0 src/lib/boards.o
 .text._Z12boardUsesPinh
                0x0000000000000000       0x40 src/lib/boards.o
 .text          0x0000000000000000        0x0 src/lib/cxxabi-compat.o
 .data          0x0000000000000000        0x0 src/lib/cxxabi-compat.o
 .bss           0x0000000000000000        0x0 src/lib/cxxabi-compat.o
 .text.__cxa_pure_virtual
                0x0000000000000000        0x8 src/lib/cxxabi-compat.o
 .text          0x0000000000000000        0x0 src/lib/dac.o
 .data          0x0000000000000000        0x0 src/lib/dac.o
 .bss           0x0000000000000000        0x0 src/lib/dac.o
 .data.dac      0x0000000000000000        0x4 src/lib/dac.o
 .data.DAC      0x0000000000000000        0x4 src/lib/dac.o
 .text.dac_init
                0x0000000000000000       0x40 src/lib/dac.o
 .text.dac_write_channel
                0x0000000000000000       0x44 src/lib/dac.o
 .text.dac_enable_channel
                0x0000000000000000       0x64 src/lib/dac.o
 .text.dac_disable_channel
                0x0000000000000000       0x48 src/lib/dac.o
 .text          0x0000000000000000        0x0 src/lib/ext_interrupts.o
 .data          0x0000000000000000        0x0 src/lib/ext_interrupts.o
 .bss           0x0000000000000000        0x0 src/lib/ext_interrupts.o
 .text.gpio_exti_port
                0x0000000000000000       0x18 src/lib/ext_interrupts.o
 .text._Z15attachInterrupthPFvvE17ExtIntTriggerMode
                0x0000000000000000       0x60 src/lib/ext_interrupts.o
 .text._Z15detachInterrupth
                0x0000000000000000       0x30 src/lib/ext_interrupts.o
 .rodata        0x0000000000000000       0x20 src/lib/ext_interrupts.o
 .text._ZL13exti_out_mode17ExtIntTriggerMode
                0x0000000000000000       0x40 src/lib/ext_interrupts.o
 .text          0x0000000000000000        0x0 src/lib/exti.o
 .data          0x0000000000000000        0x0 src/lib/exti.o
 .bss           0x0000000000000000        0x0 src/lib/exti.o
 .text.nvic_irq_enable
                0x0000000000000000       0x5c src/lib/exti.o
 .text.bb_perip
                0x0000000000000000       0x24 src/lib/exti.o
 .text.bb_peri_set_bit
                0x0000000000000000       0x24 src/lib/exti.o
 .text.__bb_addr
                0x0000000000000000       0x2c src/lib/exti.o
 .data.exti_channels
                0x0000000000000000       0x80 src/lib/exti.o
 .rodata        0x0000000000000000       0x18 src/lib/exti.o
 .text.exti_attach_interrupt
                0x0000000000000000       0xc0 src/lib/exti.o
 .text.exti_detach_interrupt
                0x0000000000000000       0x50 src/lib/exti.o
 .text.__irq_exti0
                0x0000000000000000        0xc src/lib/exti.o
 .text.__irq_exti1
                0x0000000000000000        0xc src/lib/exti.o
 .text.__irq_exti2
                0x0000000000000000        0xc src/lib/exti.o
 .text.__irq_exti3
                0x0000000000000000        0xc src/lib/exti.o
 .text.__irq_exti4
                0x0000000000000000        0xc src/lib/exti.o
 .text.__irq_exti9_5
                0x0000000000000000       0x10 src/lib/exti.o
 .text.__irq_exti15_10
                0x0000000000000000       0x10 src/lib/exti.o
 .text.clear_pending_msk
                0x0000000000000000       0x20 src/lib/exti.o
 .text.dispatch_single_exti
                0x0000000000000000       0x38 src/lib/exti.o
 .text.dispatch_extis
                0x0000000000000000       0x6c src/lib/exti.o
 .text          0x0000000000000000        0x0 /usr/arm-none-eabi/lib/armv7e-m/fpu/libc.a(lib_a-errno.o)
 .data          0x0000000000000000        0x0 /usr/arm-none-eabi/lib/armv7e-m/fpu/libc.a(lib_a-errno.o)
 .bss           0x0000000000000000        0x0 /usr/arm-none-eabi/lib/armv7e-m/fpu/libc.a(lib_a-errno.o)
 .text.__errno  0x0000000000000000        0xc /usr/arm-none-eabi/lib/armv7e-m/fpu/libc.a(lib_a-errno.o)
 .text          0x0000000000000000        0x0 /usr/arm-none-eabi/lib/armv7e-m/fpu/libc.a(lib_a-exit.o)
 .data          0x0000000000000000        0x0 /usr/arm-none-eabi/lib/armv7e-m/fpu/libc.a(lib_a-exit.o)
 .bss           0x0000000000000000        0x0 /usr/arm-none-eabi/lib/armv7e-m/fpu/libc.a(lib_a-exit.o)
 .text          0x0000000000000000        0x0 /usr/arm-none-eabi/lib/armv7e-m/fpu/libc.a(lib_a-impure.o)
 .data          0x0000000000000000        0x0 /usr/arm-none-eabi/lib/armv7e-m/fpu/libc.a(lib_a-impure.o)
 .bss           0x0000000000000000        0x0 /usr/arm-none-eabi/lib/armv7e-m/fpu/libc.a(lib_a-impure.o)
 .data._impure_ptr
                0x0000000000000000        0x4 /usr/arm-none-eabi/lib/armv7e-m/fpu/libc.a(lib_a-impure.o)
 .text          0x0000000000000000        0x0 /usr/arm-none-eabi/lib/armv7e-m/fpu/libc.a(lib_a-init.o)
 .data          0x0000000000000000        0x0 /usr/arm-none-eabi/lib/armv7e-m/fpu/libc.a(lib_a-init.o)
 .bss           0x0000000000000000        0x0 /usr/arm-none-eabi/lib/armv7e-m/fpu/libc.a(lib_a-init.o)
 .text          0x0000000000000000        0x0 /usr/arm-none-eabi/lib/armv7e-m/fpu/libc.a(lib_a-memset.o)
 .data          0x0000000000000000        0x0 /usr/arm-none-eabi/lib/armv7e-m/fpu/libc.a(lib_a-memset.o)
 .bss           0x0000000000000000        0x0 /usr/arm-none-eabi/lib/armv7e-m/fpu/libc.a(lib_a-memset.o)
 .text          0x0000000000000000        0x0 /usr/arm-none-eabi/lib/armv7e-m/fpu/libc.a(lib_a-rand.o)
 .data          0x0000000000000000        0x0 /usr/arm-none-eabi/lib/armv7e-m/fpu/libc.a(lib_a-rand.o)
 .bss           0x0000000000000000        0x0 /usr/arm-none-eabi/lib/armv7e-m/fpu/libc.a(lib_a-rand.o)
 .text.srand    0x0000000000000000       0x14 /usr/arm-none-eabi/lib/armv7e-m/fpu/libc.a(lib_a-rand.o)
 .text.rand     0x0000000000000000       0x40 /usr/arm-none-eabi/lib/armv7e-m/fpu/libc.a(lib_a-rand.o)
 .text          0x0000000000000000        0x0 /usr/arm-none-eabi/lib/armv7e-m/fpu/libc.a(lib_a-__call_atexit.o)
 .data          0x0000000000000000        0x0 /usr/arm-none-eabi/lib/armv7e-m/fpu/libc.a(lib_a-__call_atexit.o)
 .bss           0x0000000000000000        0x0 /usr/arm-none-eabi/lib/armv7e-m/fpu/libc.a(lib_a-__call_atexit.o)
 .text          0x0000000000000000        0x0 /usr/arm-none-eabi/lib/armv7e-m/fpu/libc.a(lib_a-atexit.o)
 .data          0x0000000000000000        0x0 /usr/arm-none-eabi/lib/armv7e-m/fpu/libc.a(lib_a-atexit.o)
 .bss           0x0000000000000000        0x0 /usr/arm-none-eabi/lib/armv7e-m/fpu/libc.a(lib_a-atexit.o)
 .text          0x0000000000000000        0x0 /usr/arm-none-eabi/lib/armv7e-m/fpu/libc.a(lib_a-fini.o)
 .data          0x0000000000000000        0x0 /usr/arm-none-eabi/lib/armv7e-m/fpu/libc.a(lib_a-fini.o)
 .bss           0x0000000000000000        0x0 /usr/arm-none-eabi/lib/armv7e-m/fpu/libc.a(lib_a-fini.o)
 .text          0x0000000000000000        0x0 /usr/arm-none-eabi/lib/armv7e-m/fpu/libc.a(lib_a-__atexit.o)
 .data          0x0000000000000000        0x0 /usr/arm-none-eabi/lib/armv7e-m/fpu/libc.a(lib_a-__atexit.o)
 .bss           0x0000000000000000        0x0 /usr/arm-none-eabi/lib/armv7e-m/fpu/libc.a(lib_a-__atexit.o)
 .text          0x0000000000000000        0x0 /usr/arm-none-eabi/lib/armv7e-m/fpu/libnosys.a(_exit.o)
 .data          0x0000000000000000        0x0 /usr/arm-none-eabi/lib/armv7e-m/fpu/libnosys.a(_exit.o)
 .bss           0x0000000000000000        0x0 /usr/arm-none-eabi/lib/armv7e-m/fpu/libnosys.a(_exit.o)
 .text          0x0000000000000000        0x0 /usr/bin/../lib/gcc/arm-none-eabi/4.9.3/armv7e-m/fpu/crtend.o
 .data          0x0000000000000000        0x0 /usr/bin/../lib/gcc/arm-none-eabi/4.9.3/armv7e-m/fpu/crtend.o
 .bss           0x0000000000000000        0x0 /usr/bin/../lib/gcc/arm-none-eabi/4.9.3/armv7e-m/fpu/crtend.o
 .text          0x0000000000000000        0x0 /usr/bin/../lib/gcc/arm-none-eabi/4.9.3/armv7e-m/fpu/crtn.o
 .data          0x0000000000000000        0x0 /usr/bin/../lib/gcc/arm-none-eabi/4.9.3/armv7e-m/fpu/crtn.o
 .bss           0x0000000000000000        0x0 /usr/bin/../lib/gcc/arm-none-eabi/4.9.3/armv7e-m/fpu/crtn.o

Memory Configuration

Name             Origin             Length             Attributes
*default*        0x0000000000000000 0xffffffffffffffff

Linker script and memory map

LOAD /usr/bin/../lib/gcc/arm-none-eabi/4.9.3/armv7e-m/fpu/crti.o
LOAD /usr/bin/../lib/gcc/arm-none-eabi/4.9.3/armv7e-m/fpu/crtbegin.o
LOAD /usr/bin/../lib/gcc/arm-none-eabi/4.9.3/../../../../arm-none-eabi/lib/armv7e-m/fpu/crt0.o
LOAD main.o
LOAD src/lib/maple_RET6.o
LOAD src/lib/wirish_analog.o
LOAD src/lib/wirish_digital.o
LOAD src/lib/wirish_math.o
LOAD src/lib/wirish_shift.o
LOAD src/lib/wirish_time.o
LOAD src/lib/usb_regs.o
LOAD src/lib/usb_mem.o
LOAD src/lib/usb_init.o
LOAD src/lib/usb_core.o
LOAD src/lib/usb_cdcacm.o
LOAD src/lib/usb_reg_map.o
LOAD src/lib/usb.o
LOAD src/lib/util.o
LOAD src/lib/usart.o
LOAD src/lib/timer.o
LOAD src/lib/systick.o
LOAD src/lib/syscalls.o
LOAD src/lib/spi.o
LOAD src/lib/i2c.o
LOAD src/lib/pwr.o
LOAD src/lib/nvic.o
LOAD src/lib/iwdg.o
LOAD src/lib/fsmc.o
LOAD src/lib/flash.o
LOAD src/lib/gpio.o
LOAD src/lib/dma.o
LOAD src/lib/rcc.o
LOAD src/lib/adc.o
LOAD src/lib/bkp.o
LOAD src/lib/boards.o
LOAD src/lib/cxxabi-compat.o
LOAD src/lib/dac.o
LOAD src/lib/ext_interrupts.o
LOAD src/lib/exti.o
LOAD /usr/arm-none-eabi/lib/armv7e-m/fpu/libstdc++.a
LOAD /usr/arm-none-eabi/lib/armv7e-m/fpu/libsupc++.a
LOAD /usr/arm-none-eabi/lib/armv7e-m/fpu/libm.a
LOAD /usr/arm-none-eabi/lib/armv7e-m/fpu/libc.a
LOAD /usr/arm-none-eabi/lib/armv7e-m/fpu/libg.a
LOAD /usr/arm-none-eabi/lib/armv7e-m/fpu/libnosys.a
LOAD /usr/arm-none-eabi/lib/armv7e-m/fpu/libstdc++.a
LOAD /usr/arm-none-eabi/lib/armv7e-m/fpu/libsupc++.a
LOAD /usr/arm-none-eabi/lib/armv7e-m/fpu/libm.a
LOAD /usr/arm-none-eabi/lib/armv7e-m/fpu/libc.a
LOAD /usr/arm-none-eabi/lib/armv7e-m/fpu/libg.a
LOAD /usr/arm-none-eabi/lib/armv7e-m/fpu/libnosys.a
START GROUP
LOAD /usr/bin/../lib/gcc/arm-none-eabi/4.9.3/armv7e-m/fpu/libgcc.a
LOAD /usr/arm-none-eabi/lib/armv7e-m/fpu/libc.a
END GROUP
LOAD /usr/bin/../lib/gcc/arm-none-eabi/4.9.3/armv7e-m/fpu/crtend.o
LOAD /usr/bin/../lib/gcc/arm-none-eabi/4.9.3/armv7e-m/fpu/crtn.o
                0x0000000000008000                PROVIDE (__executable_start, 0x8000)
                0x0000000000008000                . = 0x8000

.interp
 *(.interp)

.note.gnu.build-id
 *(.note.gnu.build-id)

.hash
 *(.hash)

.gnu.hash
 *(.gnu.hash)

.dynsym
 *(.dynsym)

.dynstr
 *(.dynstr)

.gnu.version
 *(.gnu.version)

.gnu.version_d
 *(.gnu.version_d)

.gnu.version_r
 *(.gnu.version_r)

.rel.dyn        0x0000000000008000        0x0
 *(.rel.init)
 *(.rel.text .rel.text.* .rel.gnu.linkonce.t.*)
 *(.rel.fini)
 *(.rel.rodata .rel.rodata.* .rel.gnu.linkonce.r.*)
 *(.rel.data.rel.ro .rel.data.rel.ro.* .rel.gnu.linkonce.d.rel.ro.*)
 *(.rel.data .rel.data.* .rel.gnu.linkonce.d.*)
 *(.rel.tdata .rel.tdata.* .rel.gnu.linkonce.td.*)
 *(.rel.tbss .rel.tbss.* .rel.gnu.linkonce.tb.*)
 *(.rel.ctors)
 *(.rel.dtors)
 *(.rel.got)
 *(.rel.bss .rel.bss.* .rel.gnu.linkonce.b.*)
                0x0000000000008000                PROVIDE (__rel_iplt_start, .)
 *(.rel.iplt)
 .rel.iplt      0x0000000000000000        0x0 /usr/bin/../lib/gcc/arm-none-eabi/4.9.3/armv7e-m/fpu/crtbegin.o
                0x0000000000008000                PROVIDE (__rel_iplt_end, .)

.rela.dyn       0x0000000000008000        0x0
 *(.rela.init)
 *(.rela.text .rela.text.* .rela.gnu.linkonce.t.*)
 *(.rela.fini)
 *(.rela.rodata .rela.rodata.* .rela.gnu.linkonce.r.*)
 *(.rela.data .rela.data.* .rela.gnu.linkonce.d.*)
 *(.rela.tdata .rela.tdata.* .rela.gnu.linkonce.td.*)
 *(.rela.tbss .rela.tbss.* .rela.gnu.linkonce.tb.*)
 *(.rela.ctors)
 *(.rela.dtors)
 *(.rela.got)
 *(.rela.bss .rela.bss.* .rela.gnu.linkonce.b.*)
                0x0000000000008000                PROVIDE (__rela_iplt_start, .)
 *(.rela.iplt)
                0x0000000000008000                PROVIDE (__rela_iplt_end, .)

.rel.plt
 *(.rel.plt)

.rela.plt
 *(.rela.plt)

.init           0x0000000000008000        0xc
 *(SORT(.init))
 .init          0x0000000000008000        0x4 /usr/bin/../lib/gcc/arm-none-eabi/4.9.3/armv7e-m/fpu/crti.o
                0x0000000000008000                _init
 .init          0x0000000000008004        0x8 /usr/bin/../lib/gcc/arm-none-eabi/4.9.3/armv7e-m/fpu/crtn.o

.plt
 *(.plt)

.iplt           0x000000000000800c        0x0
 *(.iplt)
 .iplt          0x0000000000000000        0x0 /usr/bin/../lib/gcc/arm-none-eabi/4.9.3/armv7e-m/fpu/crtbegin.o

.text           0x000000000000800c     0x2744
 *(.text.unlikely .text.*_unlikely .text.unlikely.*)
 *(.text.exit .text.exit.*)
 .text.exit     0x000000000000800c       0x20 /usr/arm-none-eabi/lib/armv7e-m/fpu/libc.a(lib_a-exit.o)
                0x000000000000800c                exit
 *(.text.startup .text.startup.*)
 .text.startup.register_fini
                0x000000000000802c       0x14 /usr/arm-none-eabi/lib/armv7e-m/fpu/libc.a(lib_a-__call_atexit.o)
 *(.text.hot .text.hot.*)
 *(.text .stub .text.* .gnu.linkonce.t.*)
 .text          0x0000000000008040       0x5c /usr/bin/../lib/gcc/arm-none-eabi/4.9.3/armv7e-m/fpu/crtbegin.o
 .text          0x000000000000809c       0x74 /usr/bin/../lib/gcc/arm-none-eabi/4.9.3/../../../../arm-none-eabi/lib/armv7e-m/fpu/crt0.o
                0x000000000000809c                _mainCRTStartup
                0x000000000000809c                _start
 .text._Z5setupv
                0x0000000000008110       0x10 main.o
                0x0000000000008110                setup()
 .text._Z4loopv
                0x0000000000008120       0x2c main.o
                0x0000000000008120                loop()
 .text._Z7premainv
                0x000000000000814c        0xc main.o
                0x000000000000814c                premain()
 .text.main     0x0000000000008158       0x10 main.o
                0x0000000000008158                main
 .text._Z9boardInitv
                0x0000000000008168        0xc src/lib/maple_RET6.o
                0x0000000000008168                boardInit()
 .text._Z41__static_initialization_and_destruction_0ii
                0x0000000000008174      0x358 src/lib/maple_RET6.o
 .text._GLOBAL__sub_I__Z9boardInitv
                0x00000000000084cc       0x10 src/lib/maple_RET6.o
 .text.gpio_write_bit
                0x00000000000084dc       0x40 src/lib/wirish_digital.o
 .text._Z7pinModeh13WiringPinMode
                0x000000000000851c      0x100 src/lib/wirish_digital.o
                0x000000000000851c                pinMode(unsigned char, WiringPinMode)
 .text._Z12digitalWritehh
                0x000000000000861c       0x44 src/lib/wirish_digital.o
                0x000000000000861c                digitalWrite(unsigned char, unsigned char)
 .text._ZL8delay_usj
                0x0000000000008660       0x2c src/lib/wirish_time.o
 .text._Z5delaym
                0x000000000000868c       0x2c src/lib/wirish_time.o
                0x000000000000868c                delay(unsigned long)
 .text._Z17delayMicrosecondsj
                0x00000000000086b8       0x14 src/lib/wirish_time.o
                0x00000000000086b8                delayMicroseconds(unsigned int)
 .text.Standard_GetDescriptorData
                0x00000000000086cc       0x48 src/lib/usb_core.o
                0x00000000000086cc                Standard_GetDescriptorData
 .text.SetDeviceAddress
                0x0000000000008714       0x74 src/lib/usb_core.o
                0x0000000000008714                SetDeviceAddress
 .text.NOP_Process
                0x0000000000008788        0xc src/lib/usb_core.o
                0x0000000000008788                NOP_Process
 .text.gpio_write_bit
                0x0000000000008794       0x40 src/lib/usb_cdcacm.o
 .text.nvic_irq_enable
                0x00000000000087d4       0x5c src/lib/usb_cdcacm.o
 .text.usb_set_ep_rx_stat
                0x0000000000008830       0x50 src/lib/usb_cdcacm.o
 .text.usb_set_ep_tx_stat
                0x0000000000008880       0x50 src/lib/usb_cdcacm.o
 .text.usb_set_ep_type
                0x00000000000088d0       0x40 src/lib/usb_cdcacm.o
 .text.usb_set_ep_kind
                0x0000000000008910       0x40 src/lib/usb_cdcacm.o
 .text.usb_clear_status_out
                0x0000000000008950       0x1c src/lib/usb_cdcacm.o
 .text.usb_pma_ptr
                0x000000000000896c       0x20 src/lib/usb_cdcacm.o
 .text.usb_btable_ptr
                0x000000000000898c       0x24 src/lib/usb_cdcacm.o
 .text.usb_ep_tx_addr_ptr
                0x00000000000089b0       0x20 src/lib/usb_cdcacm.o
 .text.usb_set_ep_tx_addr
                0x00000000000089d0       0x2c src/lib/usb_cdcacm.o
 .text.usb_ep_rx_addr_ptr
                0x00000000000089fc       0x20 src/lib/usb_cdcacm.o
 .text.usb_set_ep_rx_addr
                0x0000000000008a1c       0x2c src/lib/usb_cdcacm.o
 .text.usb_ep_rx_count_ptr
                0x0000000000008a48       0x20 src/lib/usb_cdcacm.o
 .text.usb_get_ep_rx_count
                0x0000000000008a68       0x28 src/lib/usb_cdcacm.o
 .text.usb_cdcacm_enable
                0x0000000000008a90       0x3c src/lib/usb_cdcacm.o
                0x0000000000008a90                usb_cdcacm_enable
 .text.vcomDataTxCb
                0x0000000000008acc       0x18 src/lib/usb_cdcacm.o
 .text.vcomDataRxCb
                0x0000000000008ae4       0xe8 src/lib/usb_cdcacm.o
 .text.vcomGetSetLineCoding
                0x0000000000008bcc       0x30 src/lib/usb_cdcacm.o
 .text.usbInit  0x0000000000008bfc       0x74 src/lib/usb_cdcacm.o
 .text.usbReset
                0x0000000000008c70      0x110 src/lib/usb_cdcacm.o
 .text.usbDataSetup
                0x0000000000008d80       0x78 src/lib/usb_cdcacm.o
 .text.usbNoDataSetup
                0x0000000000008df8       0xe8 src/lib/usb_cdcacm.o
 .text.usbGetInterfaceSetting
                0x0000000000008ee0       0x34 src/lib/usb_cdcacm.o
 .text.usbGetDeviceDescriptor
                0x0000000000008f14       0x24 src/lib/usb_cdcacm.o
 .text.usbGetConfigDescriptor
                0x0000000000008f38       0x24 src/lib/usb_cdcacm.o
 .text.usbGetStringDescriptor
                0x0000000000008f5c       0x40 src/lib/usb_cdcacm.o
 .text.usbSetConfiguration
                0x0000000000008f9c       0x28 src/lib/usb_cdcacm.o
 .text.usbSetDeviceAddress
                0x0000000000008fc4       0x18 src/lib/usb_cdcacm.o
 .text.usb_pma_ptr
                0x0000000000008fdc       0x20 src/lib/usb_reg_map.o
 .text.usb_btable_ptr
                0x0000000000008ffc       0x24 src/lib/usb_reg_map.o
 .text.usb_ep_rx_count_ptr
                0x0000000000009020       0x20 src/lib/usb_reg_map.o
 .text.usb_copy_from_pma
                0x0000000000009040       0x68 src/lib/usb_reg_map.o
                0x0000000000009040                usb_copy_from_pma
 .text.usb_set_ep_rx_count
                0x00000000000090a8       0x6c src/lib/usb_reg_map.o
                0x00000000000090a8                usb_set_ep_rx_count
 .text.delay_us
                0x0000000000009114       0x2c src/lib/usb.o
 .text.usb_init_usblib
                0x0000000000009140       0x64 src/lib/usb.o
                0x0000000000009140                usb_init_usblib
 .text.usbWaitReset
                0x00000000000091a4       0x14 src/lib/usb.o
                0x00000000000091a4                usbWaitReset
 .text.nvic_globalirq_enable
                0x00000000000091b8       0x10 src/lib/util.o
 .text.nvic_irq_enable
                0x00000000000091c8       0x5c src/lib/util.o
 .text.nvic_irq_disable_all
                0x0000000000009224       0x24 src/lib/util.o
 .text.usart_disable_all
                0x0000000000009248       0x10 src/lib/util.o
 .text.usart_putc
                0x0000000000009258       0x28 src/lib/util.o
 .text.usart_putstr
                0x0000000000009280       0x38 src/lib/util.o
 .text.bb_perip
                0x00000000000092b8       0x24 src/lib/util.o
 .text.__bb_addr
                0x00000000000092dc       0x2c src/lib/util.o
 .text.adc_disable
                0x0000000000009308       0x24 src/lib/util.o
 .text.adc_disable_all
                0x000000000000932c       0x10 src/lib/util.o
 .text.timer_disable_all
                0x000000000000933c       0x10 src/lib/util.o
 .text.__error  0x000000000000934c       0x2c src/lib/util.o
                0x000000000000934c                __error
 .text._enable_error_usart
                0x0000000000009378       0x3c src/lib/util.o
                0x0000000000009378                _enable_error_usart
 .text._fail    0x00000000000093b4       0x8c src/lib/util.o
                0x00000000000093b4                _fail
 .text.throb    0x0000000000009440        0x8 src/lib/util.o
                0x0000000000009440                throb
 .text.nvic_irq_enable
                0x0000000000009448       0x5c src/lib/usart.o
 .text.rb_init  0x00000000000094a4       0x34 src/lib/usart.o
 .text.rb_reset
                0x00000000000094d8       0x1c src/lib/usart.o
 .text.usart_putc
                0x00000000000094f4       0x28 src/lib/usart.o
 .text.usart_reset_rx
                0x000000000000951c       0x18 src/lib/usart.o
 .text.usart_init
                0x0000000000009534       0x3c src/lib/usart.o
                0x0000000000009534                usart_init
 .text.usart_set_baud_rate
                0x0000000000009570       0x70 src/lib/usart.o
                0x0000000000009570                usart_set_baud_rate
 .text.usart_disable
                0x00000000000095e0       0x40 src/lib/usart.o
                0x00000000000095e0                usart_disable
 .text.usart_foreach
                0x0000000000009620       0x38 src/lib/usart.o
                0x0000000000009620                usart_foreach
 .text.usart_tx
                0x0000000000009658       0x4c src/lib/usart.o
                0x0000000000009658                usart_tx
 .text.usart_putudec
                0x00000000000096a4       0x74 src/lib/usart.o
                0x00000000000096a4                usart_putudec
 .text.bb_perip
                0x0000000000009718       0x24 src/lib/timer.o
 .text.__bb_addr
                0x000000000000973c       0x2c src/lib/timer.o
 .text.timer_disable_irq
                0x0000000000009768       0x2c src/lib/timer.o
 .text.timer_cc_enable
                0x0000000000009794       0x30 src/lib/timer.o
 .text.timer_cc_disable
                0x00000000000097c4       0x30 src/lib/timer.o
 .text.timer_oc_set_mode
                0x00000000000097f4       0x84 src/lib/timer.o
 .text.timer_init
                0x0000000000009878       0x24 src/lib/timer.o
                0x0000000000009878                timer_init
 .text.timer_disable
                0x000000000000989c       0x3c src/lib/timer.o
                0x000000000000989c                timer_disable
 .text.timer_set_mode
                0x00000000000098d8       0x88 src/lib/timer.o
                0x00000000000098d8                timer_set_mode
 .text.timer_foreach
                0x0000000000009960       0x80 src/lib/timer.o
                0x0000000000009960                timer_foreach
 .text.timer_detach_interrupt
                0x00000000000099e0       0x28 src/lib/timer.o
                0x00000000000099e0                timer_detach_interrupt
 .text.disable_channel
                0x0000000000009a08       0x28 src/lib/timer.o
 .text.pwm_mode
                0x0000000000009a30       0x34 src/lib/timer.o
 .text.output_compare_mode
                0x0000000000009a64       0x2c src/lib/timer.o
 .text.systick_init
                0x0000000000009a90       0x1c src/lib/systick.o
                0x0000000000009a90                systick_init
 .text.systick_enable
                0x0000000000009aac       0x18 src/lib/systick.o
                0x0000000000009aac                systick_enable
 .text.nvic_irq_set_priority
                0x0000000000009ac4       0x54 src/lib/nvic.o
                0x0000000000009ac4                nvic_irq_set_priority
 .text.nvic_init
                0x0000000000009b18       0x44 src/lib/nvic.o
                0x0000000000009b18                nvic_init
 .text.nvic_set_vector_table
                0x0000000000009b5c       0x2c src/lib/nvic.o
                0x0000000000009b5c                nvic_set_vector_table
 .text.nvic_sys_reset
                0x0000000000009b88       0x28 src/lib/nvic.o
                0x0000000000009b88                nvic_sys_reset
 .text.bb_perip
                0x0000000000009bb0       0x24 src/lib/flash.o
 .text.__bb_addr
                0x0000000000009bd4       0x2c src/lib/flash.o
 .text.flash_enable_prefetch
                0x0000000000009c00       0x18 src/lib/flash.o
                0x0000000000009c00                flash_enable_prefetch
 .text.flash_set_latency
                0x0000000000009c18       0x34 src/lib/flash.o
                0x0000000000009c18                flash_set_latency
 .text.gpio_init
                0x0000000000009c4c       0x24 src/lib/gpio.o
                0x0000000000009c4c                gpio_init
 .text.gpio_init_all
                0x0000000000009c70       0x5c src/lib/gpio.o
                0x0000000000009c70                gpio_init_all
 .text.gpio_set_mode
                0x0000000000009ccc       0xa4 src/lib/gpio.o
                0x0000000000009ccc                gpio_set_mode
 .text.afio_init
                0x0000000000009d70       0x14 src/lib/gpio.o
                0x0000000000009d70                afio_init
 .text.bb_perip
                0x0000000000009d84       0x24 src/lib/rcc.o
 .text.bb_peri_set_bit
                0x0000000000009da8       0x24 src/lib/rcc.o
 .text.__bb_addr
                0x0000000000009dcc       0x2c src/lib/rcc.o
 .text.rcc_clk_init
                0x0000000000009df8       0xac src/lib/rcc.o
                0x0000000000009df8                rcc_clk_init
 .text.rcc_clk_enable
                0x0000000000009ea4       0x48 src/lib/rcc.o
                0x0000000000009ea4                rcc_clk_enable
 .text.rcc_reset_dev
                0x0000000000009eec       0x54 src/lib/rcc.o
                0x0000000000009eec                rcc_reset_dev
 .text.rcc_dev_clk
                0x0000000000009f40       0x24 src/lib/rcc.o
                0x0000000000009f40                rcc_dev_clk
 .text.rcc_set_prescaler
                0x0000000000009f64       0x44 src/lib/rcc.o
                0x0000000000009f64                rcc_set_prescaler
 .text.bb_perip
                0x0000000000009fa8       0x24 src/lib/adc.o
 .text.__bb_addr
                0x0000000000009fcc       0x2c src/lib/adc.o
 .text.adc_init
                0x0000000000009ff8       0x24 src/lib/adc.o
                0x0000000000009ff8                adc_init
 .text.adc_set_extsel
                0x000000000000a01c       0x34 src/lib/adc.o
                0x000000000000a01c                adc_set_extsel
 .text.adc_foreach
                0x000000000000a050       0x38 src/lib/adc.o
                0x000000000000a050                adc_foreach
 .text.adc_set_sample_rate
                0x000000000000a088       0x74 src/lib/adc.o
                0x000000000000a088                adc_set_sample_rate
 .text.adc_calibrate
                0x000000000000a0fc       0x50 src/lib/adc.o
                0x000000000000a0fc                adc_calibrate
 .text._ZL8bb_peripPVvj
                0x000000000000a14c       0x24 src/lib/boards.o
 .text._ZL9__bb_addrPVvjjj
                0x000000000000a170       0x2c src/lib/boards.o
 .text.timer_pause
                0x000000000000a19c       0x20 src/lib/boards.o
 .text.timer_resume
                0x000000000000a1bc       0x20 src/lib/boards.o
 .text.timer_set_reload
                0x000000000000a1dc       0x20 src/lib/boards.o
 .text.timer_set_compare
                0x000000000000a1fc       0x38 src/lib/boards.o
 .text.timer_oc_set_mode
                0x000000000000a234       0x84 src/lib/boards.o
 .text.adc_set_exttrig
                0x000000000000a2b8       0x30 src/lib/boards.o
 .text.adc_enable
                0x000000000000a2e8       0x24 src/lib/boards.o
 .text._Z4initv
                0x000000000000a30c       0x40 src/lib/boards.o
                0x000000000000a30c                init()
 .text._ZL10setupFlashv
                0x000000000000a34c       0x10 src/lib/boards.o
 .text._ZL11setupClocksv
                0x000000000000a35c       0x30 src/lib/boards.o
 .text._ZL9setupNVICv
                0x000000000000a38c       0x14 src/lib/boards.o
 .text._ZL8setupADCv
                0x000000000000a3a0       0x1c src/lib/boards.o
 .text._ZL11setupTimersv
                0x000000000000a3bc       0x10 src/lib/boards.o
 .text._ZL16adcDefaultConfigPK7adc_dev
                0x000000000000a3cc       0x3c src/lib/boards.o
 .text._ZL18timerDefaultConfigP9timer_dev
                0x000000000000a408       0xa8 src/lib/boards.o
 .text.__libc_init_array
                0x000000000000a4b0       0x50 /usr/arm-none-eabi/lib/armv7e-m/fpu/libc.a(lib_a-init.o)
                0x000000000000a4b0                __libc_init_array
 .text.memset   0x000000000000a500       0x9c /usr/arm-none-eabi/lib/armv7e-m/fpu/libc.a(lib_a-memset.o)
                0x000000000000a500                memset
 .text.__call_exitprocs
                0x000000000000a59c       0xd4 /usr/arm-none-eabi/lib/armv7e-m/fpu/libc.a(lib_a-__call_atexit.o)
                0x000000000000a59c                __call_exitprocs
 .text.atexit   0x000000000000a670        0xc /usr/arm-none-eabi/lib/armv7e-m/fpu/libc.a(lib_a-atexit.o)
                0x000000000000a670                atexit
 .text.__libc_fini_array
                0x000000000000a67c       0x2c /usr/arm-none-eabi/lib/armv7e-m/fpu/libc.a(lib_a-fini.o)
                0x000000000000a67c                __libc_fini_array
 .text.__register_exitproc
                0x000000000000a6a8       0xa4 /usr/arm-none-eabi/lib/armv7e-m/fpu/libc.a(lib_a-__atexit.o)
                0x000000000000a6a8                __register_exitproc
 .text._exit    0x000000000000a74c        0x4 /usr/arm-none-eabi/lib/armv7e-m/fpu/libnosys.a(_exit.o)
                0x000000000000a74c                _exit
 *(.gnu.warning)
 *(.glue_7t)
 .glue_7t       0x0000000000000000        0x0 linker stubs
 *(.glue_7)
 .glue_7        0x0000000000000000        0x0 linker stubs
 *(.vfp11_veneer)
 .vfp11_veneer  0x0000000000000000        0x0 linker stubs
 *(.v4_bx)
 .v4_bx         0x0000000000000000        0x0 linker stubs

.fini           0x000000000000a750        0xc
 *(SORT(.fini))
 .fini          0x000000000000a750        0x4 /usr/bin/../lib/gcc/arm-none-eabi/4.9.3/armv7e-m/fpu/crti.o
                0x000000000000a750                _fini
 .fini          0x000000000000a754        0x8 /usr/bin/../lib/gcc/arm-none-eabi/4.9.3/armv7e-m/fpu/crtn.o
                0x000000000000a75c                PROVIDE (__etext, .)
                0x000000000000a75c                PROVIDE (_etext, .)
                0x000000000000a75c                PROVIDE (etext, .)

.rodata         0x000000000000a75c      0x204
 *(.rodata .rodata.* .gnu.linkonce.r.*)
 .rodata        0x000000000000a75c       0x20 src/lib/wirish_digital.o
 .rodata.usbVcomDescriptor_Device
                0x000000000000a77c       0x14 src/lib/usb_cdcacm.o
                0x000000000000a77c                usbVcomDescriptor_Device
 .rodata.usbVcomDescriptor_Config
                0x000000000000a790       0x44 src/lib/usb_cdcacm.o
                0x000000000000a790                usbVcomDescriptor_Config
 .rodata.usbVcomDescriptor_LangID
                0x000000000000a7d4        0x4 src/lib/usb_cdcacm.o
                0x000000000000a7d4                usbVcomDescriptor_LangID
 .rodata.usbVcomDescriptor_iManufacturer
                0x000000000000a7d8       0x14 src/lib/usb_cdcacm.o
                0x000000000000a7d8                usbVcomDescriptor_iManufacturer
 .rodata.usbVcomDescriptor_iProduct
                0x000000000000a7ec       0x14 src/lib/usb_cdcacm.o
                0x000000000000a7ec                usbVcomDescriptor_iProduct
 .rodata        0x000000000000a800        0x4 src/lib/usb_cdcacm.o
 .rodata        0x000000000000a804       0x48 src/lib/util.o
 .rodata        0x000000000000a84c       0x4c src/lib/timer.o
 .rodata.GPIOA  0x000000000000a898        0x4 src/lib/gpio.o
                0x000000000000a898                GPIOA
 .rodata.GPIOB  0x000000000000a89c        0x4 src/lib/gpio.o
                0x000000000000a89c                GPIOB
 .rodata.GPIOC  0x000000000000a8a0        0x4 src/lib/gpio.o
                0x000000000000a8a0                GPIOC
 .rodata.GPIOD  0x000000000000a8a4        0x4 src/lib/gpio.o
                0x000000000000a8a4                GPIOD
 .rodata.rcc_dev_table
                0x000000000000a8a8       0x50 src/lib/rcc.o
 .rodata        0x000000000000a8f8       0x4c src/lib/rcc.o
 .rodata.masks.4325
                0x000000000000a944       0x14 src/lib/rcc.o
 .rodata.str1.4
                0x000000000000a958        0x4 /usr/arm-none-eabi/lib/armv7e-m/fpu/libc.a(lib_a-impure.o)
 .rodata._global_impure_ptr
                0x000000000000a95c        0x4 /usr/arm-none-eabi/lib/armv7e-m/fpu/libc.a(lib_a-impure.o)
                0x000000000000a95c                _global_impure_ptr

.rodata1
 *(.rodata1)

.ARM.extab
 *(.ARM.extab* .gnu.linkonce.armextab.*)
                0x000000000000a960                PROVIDE (__exidx_start, .)

.ARM.exidx      0x000000000000a960        0x8
 *(.ARM.exidx* .gnu.linkonce.armexidx.*)
 .ARM.exidx     0x000000000000a960        0x8 /usr/bin/../lib/gcc/arm-none-eabi/4.9.3/../../../../arm-none-eabi/lib/armv7e-m/fpu/crt0.o
                0x000000000000a968                PROVIDE (__exidx_end, .)

.eh_frame_hdr
 *(.eh_frame_hdr)

.eh_frame       0x000000000000a968        0x4
 *(.eh_frame)
 .eh_frame      0x000000000000a968        0x0 /usr/bin/../lib/gcc/arm-none-eabi/4.9.3/armv7e-m/fpu/crtbegin.o
 .eh_frame      0x000000000000a968        0x4 /usr/bin/../lib/gcc/arm-none-eabi/4.9.3/armv7e-m/fpu/crtend.o

.gcc_except_table
 *(.gcc_except_table .gcc_except_table.*)

.exception_ranges
 *(.exception_ranges .exception_ranges*)
                0x000000000001296c                . = (ALIGN (0x8000) + (. & 0x7fff))

.eh_frame
 *(.eh_frame)

.gcc_except_table
 *(.gcc_except_table .gcc_except_table.*)

.exception_ranges
 *(.exception_ranges .exception_ranges*)

.tdata
 *(.tdata .tdata.* .gnu.linkonce.td.*)

.tbss
 *(.tbss .tbss.* .gnu.linkonce.tb.*)
 *(.tcommon)

.preinit_array  0x000000000001296c        0x0
                0x000000000001296c                PROVIDE (__preinit_array_start, .)
 *(.preinit_array)
                0x000000000001296c                PROVIDE (__preinit_array_end, .)

.init_array     0x000000000001296c       0x10
                0x000000000001296c                PROVIDE (__init_array_start, .)
 *(SORT(.init_array.*))
 .init_array.00000
                0x000000000001296c        0x4 /usr/arm-none-eabi/lib/armv7e-m/fpu/libc.a(lib_a-__call_atexit.o)
 *(.init_array)
 .init_array    0x0000000000012970        0x4 /usr/bin/../lib/gcc/arm-none-eabi/4.9.3/armv7e-m/fpu/crtbegin.o
 .init_array    0x0000000000012974        0x4 main.o
 .init_array    0x0000000000012978        0x4 src/lib/maple_RET6.o
                0x000000000001297c                PROVIDE (__init_array_end, .)

.fini_array     0x000000000001297c        0x4
                0x000000000001297c                PROVIDE (__fini_array_start, .)
 *(SORT(.fini_array.*))
 *(.fini_array)
 .fini_array    0x000000000001297c        0x4 /usr/bin/../lib/gcc/arm-none-eabi/4.9.3/armv7e-m/fpu/crtbegin.o
                0x0000000000012980                PROVIDE (__fini_array_end, .)

.ctors
 *crtbegin.o(.ctors)
 *crtbegin?.o(.ctors)
 *(EXCLUDE_FILE(*crtend?.o *crtend.o) .ctors)
 *(SORT(.ctors.*))
 *(.ctors)

.dtors
 *crtbegin.o(.dtors)
 *crtbegin?.o(.dtors)
 *(EXCLUDE_FILE(*crtend?.o *crtend.o) .dtors)
 *(SORT(.dtors.*))
 *(.dtors)

.jcr            0x0000000000012980        0x4
 *(.jcr)
 .jcr           0x0000000000012980        0x0 /usr/bin/../lib/gcc/arm-none-eabi/4.9.3/armv7e-m/fpu/crtbegin.o
 .jcr           0x0000000000012980        0x4 /usr/bin/../lib/gcc/arm-none-eabi/4.9.3/armv7e-m/fpu/crtend.o

.data.rel.ro
 *(.data.rel.ro.local* .gnu.linkonce.d.rel.ro.local.*)
 *(.data.rel.ro .data.rel.ro.* .gnu.linkonce.d.rel.ro.*)

.dynamic
 *(.dynamic)

.got            0x0000000000012984        0x0
 *(.got.plt)
 *(.igot.plt)
 .igot.plt      0x0000000000000000        0x0 /usr/bin/../lib/gcc/arm-none-eabi/4.9.3/armv7e-m/fpu/crtbegin.o
 *(.got)
 *(.igot)

.data           0x0000000000012988      0xa48
                0x0000000000012988                __data_start = .
 *(.data .data.* .gnu.linkonce.d.*)
 .data.toggle   0x0000000000012988        0x4 main.o
                0x0000000000012988                toggle
 .data.PIN_MAP  0x000000000001298c      0x2c0 src/lib/maple_RET6.o
                0x000000000001298c                PIN_MAP
 .data.Device_Descriptor
                0x0000000000012c4c        0x8 src/lib/usb_cdcacm.o
                0x0000000000012c4c                Device_Descriptor
 .data.Config_Descriptor
                0x0000000000012c54        0x8 src/lib/usb_cdcacm.o
                0x0000000000012c54                Config_Descriptor
 .data.String_Descriptor
                0x0000000000012c5c       0x18 src/lib/usb_cdcacm.o
                0x0000000000012c5c                String_Descriptor
 .data.line_coding
                0x0000000000012c74        0x8 src/lib/usb_cdcacm.o
                0x0000000000012c74                line_coding
 .data.maxNewBytes
                0x0000000000012c7c        0x4 src/lib/usb_cdcacm.o
                0x0000000000012c7c                maxNewBytes
 .data.ep_int_in
                0x0000000000012c80       0x1c src/lib/usb_cdcacm.o
 .data.ep_int_out
                0x0000000000012c9c       0x1c src/lib/usb_cdcacm.o
 .data.Device_Table
                0x0000000000012cb8        0x4 src/lib/usb_cdcacm.o
                0x0000000000012cb8                Device_Table
 .data.Device_Property
                0x0000000000012cbc       0x30 src/lib/usb_cdcacm.o
                0x0000000000012cbc                Device_Property
 .data.User_Standard_Requests
                0x0000000000012cec       0x24 src/lib/usb_cdcacm.o
                0x0000000000012cec                User_Standard_Requests
 .data.usblib   0x0000000000012d10       0x10 src/lib/usb.o
 .data.USBLIB   0x0000000000012d20        0x4 src/lib/usb.o
                0x0000000000012d20                USBLIB
 .data.usart1   0x0000000000012d24       0x50 src/lib/usart.o
 .data.USART1   0x0000000000012d74        0x4 src/lib/usart.o
                0x0000000000012d74                USART1
 .data.usart2   0x0000000000012d78       0x50 src/lib/usart.o
 .data.USART2   0x0000000000012dc8        0x4 src/lib/usart.o
                0x0000000000012dc8                USART2
 .data.usart3   0x0000000000012dcc       0x50 src/lib/usart.o
 .data.USART3   0x0000000000012e1c        0x4 src/lib/usart.o
                0x0000000000012e1c                USART3
 .data.timer1   0x0000000000012e20       0x28 src/lib/timer.o
 .data.TIMER1   0x0000000000012e48        0x4 src/lib/timer.o
                0x0000000000012e48                TIMER1
 .data.timer2   0x0000000000012e4c       0x24 src/lib/timer.o
 .data.TIMER2   0x0000000000012e70        0x4 src/lib/timer.o
                0x0000000000012e70                TIMER2
 .data.timer3   0x0000000000012e74       0x24 src/lib/timer.o
 .data.TIMER3   0x0000000000012e98        0x4 src/lib/timer.o
                0x0000000000012e98                TIMER3
 .data.timer4   0x0000000000012e9c       0x24 src/lib/timer.o
 .data.TIMER4   0x0000000000012ec0        0x4 src/lib/timer.o
                0x0000000000012ec0                TIMER4
 .data.timer5   0x0000000000012ec4       0x24 src/lib/timer.o
 .data.TIMER5   0x0000000000012ee8        0x4 src/lib/timer.o
                0x0000000000012ee8                TIMER5
 .data.timer6   0x0000000000012eec        0xc src/lib/timer.o
 .data.TIMER6   0x0000000000012ef8        0x4 src/lib/timer.o
                0x0000000000012ef8                TIMER6
 .data.timer7   0x0000000000012efc        0xc src/lib/timer.o
 .data.TIMER7   0x0000000000012f08        0x4 src/lib/timer.o
                0x0000000000012f08                TIMER7
 .data.timer8   0x0000000000012f0c       0x28 src/lib/timer.o
 .data.TIMER8   0x0000000000012f34        0x4 src/lib/timer.o
                0x0000000000012f34                TIMER8
 .data.gpioa    0x0000000000012f38        0x8 src/lib/gpio.o
                0x0000000000012f38                gpioa
 .data.gpiob    0x0000000000012f40        0x8 src/lib/gpio.o
                0x0000000000012f40                gpiob
 .data.gpioc    0x0000000000012f48        0x8 src/lib/gpio.o
                0x0000000000012f48                gpioc
 .data.gpiod    0x0000000000012f50        0x8 src/lib/gpio.o
                0x0000000000012f50                gpiod
 .data.gpioe    0x0000000000012f58        0x8 src/lib/gpio.o
                0x0000000000012f58                gpioe
 .data.gpiof    0x0000000000012f60        0x8 src/lib/gpio.o
                0x0000000000012f60                gpiof
 .data.gpiog    0x0000000000012f68        0x8 src/lib/gpio.o
                0x0000000000012f68                gpiog
 .data.enable_regs.4307
                0x0000000000012f70        0xc src/lib/rcc.o
 .data.reset_regs.4314
                0x0000000000012f7c        0x8 src/lib/rcc.o
 .data.adc1     0x0000000000012f84        0x8 src/lib/adc.o
 .data.ADC1     0x0000000000012f8c        0x4 src/lib/adc.o
                0x0000000000012f8c                ADC1
 .data.adc2     0x0000000000012f90        0x8 src/lib/adc.o
 .data.ADC2     0x0000000000012f98        0x4 src/lib/adc.o
                0x0000000000012f98                ADC2
 .data.adc3     0x0000000000012f9c        0x8 src/lib/adc.o
                0x0000000000012f9c                adc3
 .data.ADC3     0x0000000000012fa4        0x4 src/lib/adc.o
                0x0000000000012fa4                ADC3
 .data.impure_data
                0x0000000000012fa8      0x428 /usr/arm-none-eabi/lib/armv7e-m/fpu/libc.a(lib_a-impure.o)

.data1
 *(.data1)
                0x00000000000133d0                _edata = .
                0x00000000000133d0                PROVIDE (edata, .)
                0x00000000000133d0                . = .
                0x00000000000133d0                __bss_start = .
                0x00000000000133d0                __bss_start__ = .

.bss            0x00000000000133d0      0x140
 *(.dynbss)
 *(.bss .bss.* .gnu.linkonce.b.*)
 .bss           0x00000000000133d0       0x1c /usr/bin/../lib/gcc/arm-none-eabi/4.9.3/armv7e-m/fpu/crtbegin.o
 .bss.pInformation
                0x00000000000133ec        0x4 src/lib/usb_init.o
                0x00000000000133ec                pInformation
 .bss.pProperty
                0x00000000000133f0        0x4 src/lib/usb_init.o
                0x00000000000133f0                pProperty
 .bss.Device_Info
                0x00000000000133f4       0x1c src/lib/usb_init.o
                0x00000000000133f4                Device_Info
 .bss.pUser_Standard_Requests
                0x0000000000013410        0x4 src/lib/usb_init.o
                0x0000000000013410                pUser_Standard_Requests
 .bss.last_request
                0x0000000000013414        0x1 src/lib/usb_cdcacm.o
                0x0000000000013414                last_request
 *fill*         0x0000000000013415        0x3 
 .bss.vcomBufferRx
                0x0000000000013418       0xc0 src/lib/usb_cdcacm.o
                0x0000000000013418                vcomBufferRx
 .bss.countTx   0x00000000000134d8        0x4 src/lib/usb_cdcacm.o
                0x00000000000134d8                countTx
 .bss.recvBufIn
                0x00000000000134dc        0x4 src/lib/usb_cdcacm.o
                0x00000000000134dc                recvBufIn
 .bss.recvBufOut
                0x00000000000134e0        0x4 src/lib/usb_cdcacm.o
                0x00000000000134e0                recvBufOut
 .bss.newBytes  0x00000000000134e4        0x4 src/lib/usb_cdcacm.o
                0x00000000000134e4                newBytes
 .bss.reset_state
                0x00000000000134e8        0x1 src/lib/usb_cdcacm.o
                0x00000000000134e8                reset_state
 .bss.line_dtr_rts
                0x00000000000134e9        0x1 src/lib/usb_cdcacm.o
                0x00000000000134e9                line_dtr_rts
 *fill*         0x00000000000134ea        0x2 
 .bss.usart1_rb
                0x00000000000134ec        0xc src/lib/usart.o
 .bss.usart2_rb
                0x00000000000134f8        0xc src/lib/usart.o
 .bss.usart3_rb
                0x0000000000013504        0xc src/lib/usart.o
 *(COMMON)
                0x0000000000013510                . = ALIGN ((. != 0x0)?0x4:0x1)
                0x0000000000013510                _bss_end__ = .
                0x0000000000013510                __bss_end__ = .
                0x0000000000013510                . = ALIGN (0x4)
                0x0000000000013510                . = SEGMENT_START ("ldata-segment", .)
                0x0000000000013510                . = ALIGN (0x4)
                0x0000000000013510                __end__ = .
                0x0000000000013510                _end = .
                0x0000000000013510                PROVIDE (end, .)

.stab
 *(.stab)

.stabstr
 *(.stabstr)

.stab.excl
 *(.stab.excl)

.stab.exclstr
 *(.stab.exclstr)

.stab.index
 *(.stab.index)

.stab.indexstr
 *(.stab.indexstr)

.comment        0x0000000000000000       0x70
 *(.comment)
 .comment       0x0000000000000000       0x70 main.o
                                         0x71 (size before relaxing)
 .comment       0x0000000000000000       0x71 src/lib/maple_RET6.o
 .comment       0x0000000000000000       0x71 src/lib/wirish_analog.o
 .comment       0x0000000000000000       0x71 src/lib/wirish_digital.o
 .comment       0x0000000000000000       0x71 src/lib/wirish_math.o
 .comment       0x0000000000000000       0x71 src/lib/wirish_shift.o
 .comment       0x0000000000000000       0x71 src/lib/wirish_time.o
 .comment       0x0000000000000000       0x71 src/lib/usb_regs.o
 .comment       0x0000000000000000       0x71 src/lib/usb_mem.o
 .comment       0x0000000000000000       0x71 src/lib/usb_init.o
 .comment       0x0000000000000000       0x71 src/lib/usb_core.o
 .comment       0x0000000000000000       0x71 src/lib/usb_cdcacm.o
 .comment       0x0000000000000000       0x71 src/lib/usb_reg_map.o
 .comment       0x0000000000000000       0x71 src/lib/usb.o
 .comment       0x0000000000000000       0x71 src/lib/util.o
 .comment       0x0000000000000000       0x71 src/lib/usart.o
 .comment       0x0000000000000000       0x71 src/lib/timer.o
 .comment       0x0000000000000000       0x71 src/lib/systick.o
 .comment       0x0000000000000000       0x71 src/lib/syscalls.o
 .comment       0x0000000000000000       0x71 src/lib/spi.o
 .comment       0x0000000000000000       0x71 src/lib/i2c.o
 .comment       0x0000000000000000       0x71 src/lib/pwr.o
 .comment       0x0000000000000000       0x71 src/lib/nvic.o
 .comment       0x0000000000000000       0x71 src/lib/iwdg.o
 .comment       0x0000000000000000       0x71 src/lib/fsmc.o
 .comment       0x0000000000000000       0x71 src/lib/flash.o
 .comment       0x0000000000000000       0x71 src/lib/gpio.o
 .comment       0x0000000000000000       0x71 src/lib/dma.o
 .comment       0x0000000000000000       0x71 src/lib/rcc.o
 .comment       0x0000000000000000       0x71 src/lib/adc.o
 .comment       0x0000000000000000       0x71 src/lib/bkp.o
 .comment       0x0000000000000000       0x71 src/lib/boards.o
 .comment       0x0000000000000000       0x71 src/lib/cxxabi-compat.o
 .comment       0x0000000000000000       0x71 src/lib/dac.o
 .comment       0x0000000000000000       0x71 src/lib/ext_interrupts.o
 .comment       0x0000000000000000       0x71 src/lib/exti.o

.debug
 *(.debug)

.line
 *(.line)

.debug_srcinfo
 *(.debug_srcinfo)

.debug_sfnames
 *(.debug_sfnames)

.debug_aranges
 *(.debug_aranges)

.debug_pubnames
 *(.debug_pubnames)

.debug_info
 *(.debug_info .gnu.linkonce.wi.*)

.debug_abbrev
 *(.debug_abbrev)

.debug_line
 *(.debug_line .debug_line.* .debug_line_end)

.debug_frame    0x0000000000000000      0x1dc
 *(.debug_frame)
 .debug_frame   0x0000000000000000       0x20 /usr/arm-none-eabi/lib/armv7e-m/fpu/libc.a(lib_a-errno.o)
 .debug_frame   0x0000000000000020       0x28 /usr/arm-none-eabi/lib/armv7e-m/fpu/libc.a(lib_a-exit.o)
 .debug_frame   0x0000000000000048       0x2c /usr/arm-none-eabi/lib/armv7e-m/fpu/libc.a(lib_a-init.o)
 .debug_frame   0x0000000000000074       0x34 /usr/arm-none-eabi/lib/armv7e-m/fpu/libc.a(lib_a-memset.o)
 .debug_frame   0x00000000000000a8       0x3c /usr/arm-none-eabi/lib/armv7e-m/fpu/libc.a(lib_a-rand.o)
 .debug_frame   0x00000000000000e4       0x50 /usr/arm-none-eabi/lib/armv7e-m/fpu/libc.a(lib_a-__call_atexit.o)
 .debug_frame   0x0000000000000134       0x20 /usr/arm-none-eabi/lib/armv7e-m/fpu/libc.a(lib_a-atexit.o)
 .debug_frame   0x0000000000000154       0x34 /usr/arm-none-eabi/lib/armv7e-m/fpu/libc.a(lib_a-fini.o)
 .debug_frame   0x0000000000000188       0x34 /usr/arm-none-eabi/lib/armv7e-m/fpu/libc.a(lib_a-__atexit.o)
 .debug_frame   0x00000000000001bc       0x20 /usr/arm-none-eabi/lib/armv7e-m/fpu/libnosys.a(_exit.o)

.debug_str
 *(.debug_str)

.debug_loc
 *(.debug_loc)

.debug_macinfo
 *(.debug_macinfo)

.debug_weaknames
 *(.debug_weaknames)

.debug_funcnames
 *(.debug_funcnames)

.debug_typenames
 *(.debug_typenames)

.debug_varnames
 *(.debug_varnames)

.debug_pubtypes
 *(.debug_pubtypes)

.debug_ranges
 *(.debug_ranges)

.debug_macro
 *(.debug_macro)

.stack          0x0000000000080000        0x0
                0x0000000000080000                _stack = .
 *(.stack)

.ARM.attributes
                0x0000000000000000       0x30
 *(.ARM.attributes)
 .ARM.attributes
                0x0000000000000000       0x22 /usr/bin/../lib/gcc/arm-none-eabi/4.9.3/armv7e-m/fpu/crti.o
 .ARM.attributes
                0x0000000000000022       0x34 /usr/bin/../lib/gcc/arm-none-eabi/4.9.3/armv7e-m/fpu/crtbegin.o
 .ARM.attributes
                0x0000000000000056       0x20 /usr/bin/../lib/gcc/arm-none-eabi/4.9.3/../../../../arm-none-eabi/lib/armv7e-m/fpu/crt0.o
 .ARM.attributes
                0x0000000000000076       0x39 main.o
 .ARM.attributes
                0x00000000000000af       0x39 src/lib/maple_RET6.o
 .ARM.attributes
                0x00000000000000e8       0x39 src/lib/wirish_analog.o
 .ARM.attributes
                0x0000000000000121       0x39 src/lib/wirish_digital.o
 .ARM.attributes
                0x000000000000015a       0x39 src/lib/wirish_math.o
 .ARM.attributes
                0x0000000000000193       0x39 src/lib/wirish_shift.o
 .ARM.attributes
                0x00000000000001cc       0x39 src/lib/wirish_time.o
 .ARM.attributes
                0x0000000000000205       0x39 src/lib/usb_regs.o
 .ARM.attributes
                0x000000000000023e       0x39 src/lib/usb_mem.o
 .ARM.attributes
                0x0000000000000277       0x39 src/lib/usb_init.o
 .ARM.attributes
                0x00000000000002b0       0x39 src/lib/usb_core.o
 .ARM.attributes
                0x00000000000002e9       0x39 src/lib/usb_cdcacm.o
 .ARM.attributes
                0x0000000000000322       0x39 src/lib/usb_reg_map.o
 .ARM.attributes
                0x000000000000035b       0x39 src/lib/usb.o
 .ARM.attributes
                0x0000000000000394       0x39 src/lib/util.o
 .ARM.attributes
                0x00000000000003cd       0x39 src/lib/usart.o
 .ARM.attributes
                0x0000000000000406       0x39 src/lib/timer.o
 .ARM.attributes
                0x000000000000043f       0x39 src/lib/systick.o
 .ARM.attributes
                0x0000000000000478       0x39 src/lib/syscalls.o
 .ARM.attributes
                0x00000000000004b1       0x39 src/lib/spi.o
 .ARM.attributes
                0x00000000000004ea       0x39 src/lib/i2c.o
 .ARM.attributes
                0x0000000000000523       0x39 src/lib/pwr.o
 .ARM.attributes
                0x000000000000055c       0x39 src/lib/nvic.o
 .ARM.attributes
                0x0000000000000595       0x39 src/lib/iwdg.o
 .ARM.attributes
                0x00000000000005ce       0x39 src/lib/fsmc.o
 .ARM.attributes
                0x0000000000000607       0x39 src/lib/flash.o
 .ARM.attributes
                0x0000000000000640       0x39 src/lib/gpio.o
 .ARM.attributes
                0x0000000000000679       0x39 src/lib/dma.o
 .ARM.attributes
                0x00000000000006b2       0x39 src/lib/rcc.o
 .ARM.attributes
                0x00000000000006eb       0x39 src/lib/adc.o
 .ARM.attributes
                0x0000000000000724       0x39 src/lib/bkp.o
 .ARM.attributes
                0x000000000000075d       0x39 src/lib/boards.o
 .ARM.attributes
                0x0000000000000796       0x39 src/lib/cxxabi-compat.o
 .ARM.attributes
                0x00000000000007cf       0x39 src/lib/dac.o
 .ARM.attributes
                0x0000000000000808       0x39 src/lib/ext_interrupts.o
 .ARM.attributes
                0x0000000000000841       0x39 src/lib/exti.o
 .ARM.attributes
                0x000000000000087a       0x34 /usr/arm-none-eabi/lib/armv7e-m/fpu/libc.a(lib_a-errno.o)
 .ARM.attributes
                0x00000000000008ae       0x34 /usr/arm-none-eabi/lib/armv7e-m/fpu/libc.a(lib_a-exit.o)
 .ARM.attributes
                0x00000000000008e2       0x34 /usr/arm-none-eabi/lib/armv7e-m/fpu/libc.a(lib_a-impure.o)
 .ARM.attributes
                0x0000000000000916       0x34 /usr/arm-none-eabi/lib/armv7e-m/fpu/libc.a(lib_a-init.o)
 .ARM.attributes
                0x000000000000094a       0x34 /usr/arm-none-eabi/lib/armv7e-m/fpu/libc.a(lib_a-memset.o)
 .ARM.attributes
                0x000000000000097e       0x34 /usr/arm-none-eabi/lib/armv7e-m/fpu/libc.a(lib_a-rand.o)
 .ARM.attributes
                0x00000000000009b2       0x34 /usr/arm-none-eabi/lib/armv7e-m/fpu/libc.a(lib_a-__call_atexit.o)
 .ARM.attributes
                0x00000000000009e6       0x34 /usr/arm-none-eabi/lib/armv7e-m/fpu/libc.a(lib_a-atexit.o)
 .ARM.attributes
                0x0000000000000a1a       0x34 /usr/arm-none-eabi/lib/armv7e-m/fpu/libc.a(lib_a-fini.o)
 .ARM.attributes
                0x0000000000000a4e       0x34 /usr/arm-none-eabi/lib/armv7e-m/fpu/libc.a(lib_a-__atexit.o)
 .ARM.attributes
                0x0000000000000a82       0x34 /usr/arm-none-eabi/lib/armv7e-m/fpu/libnosys.a(_exit.o)
 .ARM.attributes
                0x0000000000000ab6       0x34 /usr/bin/../lib/gcc/arm-none-eabi/4.9.3/armv7e-m/fpu/crtend.o
 .ARM.attributes
                0x0000000000000aea       0x22 /usr/bin/../lib/gcc/arm-none-eabi/4.9.3/armv7e-m/fpu/crtn.o
 *(.gnu.attributes)

.note.gnu.arm.ident
 *(.note.gnu.arm.ident)

/DISCARD/
 *(.note.GNU-stack)
 *(.gnu_debuglink)
 *(.gnu.lto_*)
OUTPUT(build/breeze.elf elf32-littlearm)
